📊 Using holdout test set: 138 images (excluded dev images)
2026-02-18 09:45:48,769 - agvfm.utils.logging - INFO - Logging to /data2/jmearles/AgVFM2/notebooks/results/phase1_factor_analysis/logs/phase1_factor_analysis_20260218_094548.log
2026-02-18 09:45:48,770 - agvfm.utils.logging - INFO - ======================================================================
2026-02-18 09:45:48,770 - agvfm.utils.logging - INFO - Starting experiment: Phase 1: Factor Analysis
2026-02-18 09:45:48,770 - agvfm.utils.logging - INFO - ======================================================================
2026-02-18 09:45:48,770 - agvfm.utils.logging - INFO - Configuration:
2026-02-18 09:45:48,770 - agvfm.utils.logging - INFO -   model: yolo_world
2026-02-18 09:45:48,770 - agvfm.utils.logging - INFO -   device: cuda
2026-02-18 09:45:48,770 - agvfm.utils.logging - INFO -   resume: True
2026-02-18 09:45:48,770 - agvfm.utils.logging - INFO -   images_dir: /data2/jmearles/AgVFM/_data/T4_REAL_FLOWER_SOBJ.v18-train_2023_test_location_genotype/test/images
2026-02-18 09:45:48,770 - agvfm.utils.logging - INFO -   labels_dir: /data2/jmearles/AgVFM/_data/T4_REAL_FLOWER_SOBJ.v18-train_2023_test_location_genotype/test/labels
2026-02-18 09:45:48,770 - agvfm.utils.logging - INFO -   n_images: 138
2026-02-18 09:45:48,770 - agvfm.utils.logging - INFO -   results_dir: /data2/jmearles/AgVFM2/notebooks/results/phase1_factor_analysis
2026-02-18 09:45:48,770 - agvfm.utils.logging - INFO - ======================================================================
================================================================================
Phase 1: Factor Analysis Experiments
================================================================================
Dataset:
  Images: /data2/jmearles/AgVFM/_data/T4_REAL_FLOWER_SOBJ.v18-train_2023_test_location_genotype/test/images
  Labels: /data2/jmearles/AgVFM/_data/T4_REAL_FLOWER_SOBJ.v18-train_2023_test_location_genotype/test/labels
Results: /data2/jmearles/AgVFM2/notebooks/results/phase1_factor_analysis

Loading YOLO World model...
Loaded 138 images from /data2/jmearles/AgVFM/_data/T4_REAL_FLOWER_SOBJ.v18-train_2023_test_location_genotype/test/images
📂 Loaded 2 existing results
================================================================================
Phase 1: Factor Analysis - YOLO World
================================================================================
Total combinations: 11
IoU thresholds: [0.3, 0.5]
Images: 138
Results will be saved to: /data2/jmearles/AgVFM2/notebooks/results/phase1_factor_analysis/yolo_world_factor_analysis.json

[1/11] taxonomy:flower_grammar:a - SKIPPED (already completed)
[2/11] color:yellow_taxonomy:flower_grammar:a - SKIPPED (already completed)
[3/11] color:purple_taxonomy:flower_grammar:a
  Prompt: a purple flower

Evaluating prompt: a purple flower
  Processing 20/138...
  Processing 40/138...
  Processing 60/138...
  Processing 80/138...
  Processing 100/138...
  Processing 120/138...
  ✓ mAP@0.5: 0.0321, F1: 0.0139
  💾 Saved to /data2/jmearles/AgVFM2/notebooks/results/phase1_factor_analysis/yolo_world_factor_analysis.json

[4/11] color:white_taxonomy:flower_grammar:a
  Prompt: a white flower

Evaluating prompt: a white flower
  Processing 20/138...
  Processing 40/138...
  Processing 60/138...
  Processing 80/138...
  Processing 100/138...
  Processing 120/138...
  ✓ mAP@0.5: 0.0909, F1: 0.1054
  💾 Saved to /data2/jmearles/AgVFM2/notebooks/results/phase1_factor_analysis/yolo_world_factor_analysis.json

[5/11] taxonomy:cowpea flower_grammar:a
  Prompt: a cowpea flower

Evaluating prompt: a cowpea flower
  Processing 20/138...
  Processing 40/138...
  Processing 60/138...
  Processing 80/138...
  Processing 100/138...
  Processing 120/138...
  ✓ mAP@0.5: 0.1590, F1: 0.2990
  💾 Saved to /data2/jmearles/AgVFM2/notebooks/results/phase1_factor_analysis/yolo_world_factor_analysis.json

[6/11] taxonomy:flower_anatomy:with open petals_grammar:a
  Prompt: a flower with open petals

Evaluating prompt: a flower with open petals
  Processing 20/138...
  Processing 40/138...
  Processing 60/138...
  Processing 80/138...
  Processing 100/138...
  Processing 120/138...
  ✓ mAP@0.5: 0.0909, F1: 0.0527
  💾 Saved to /data2/jmearles/AgVFM2/notebooks/results/phase1_factor_analysis/yolo_world_factor_analysis.json

[7/11] taxonomy:flower_negation:not a bud, not the green calyx, not a leaf_grammar:a
  Prompt: a flower not a bud, not the green calyx, not a leaf

Evaluating prompt: a flower not a bud, not the green calyx, not a leaf
  Processing 20/138...
  Processing 40/138...
  Processing 60/138...
  Processing 80/138...
  Processing 100/138...
  Processing 120/138...
  ✓ mAP@0.5: 0.0423, F1: 0.1240
  💾 Saved to /data2/jmearles/AgVFM2/notebooks/results/phase1_factor_analysis/yolo_world_factor_analysis.json

[8/11] taxonomy:flower_grammar:a single
  Prompt: a single flower

Evaluating prompt: a single flower
  Processing 20/138...
  Processing 40/138...
  Processing 60/138...
  Processing 80/138...
  Processing 100/138...
  Processing 120/138...
  ✓ mAP@0.5: 0.0909, F1: 0.0468
  💾 Saved to /data2/jmearles/AgVFM2/notebooks/results/phase1_factor_analysis/yolo_world_factor_analysis.json

[9/11] taxonomy:flower_grammar:a_phenology:in bloom
  Prompt: a flower in bloom

Evaluating prompt: a flower in bloom
  Processing 20/138...
  Processing 40/138...
  Processing 60/138...
  Processing 80/138...
  Processing 100/138...
  Processing 120/138...
  ✓ mAP@0.5: 0.0909, F1: 0.0222
  💾 Saved to /data2/jmearles/AgVFM2/notebooks/results/phase1_factor_analysis/yolo_world_factor_analysis.json

[10/11] taxonomy:flower_grammar:a_size:small
  Prompt: a small flower

Evaluating prompt: a small flower
  Processing 20/138...
  Processing 40/138...
  Processing 60/138...
  Processing 80/138...
  Processing 100/138...
  Processing 120/138...
  ✓ mAP@0.5: 0.0909, F1: 0.1450
  💾 Saved to /data2/jmearles/AgVFM2/notebooks/results/phase1_factor_analysis/yolo_world_factor_analysis.json

[11/11] taxonomy:flower_grammar:a_size:tiny
  Prompt: a tiny flower

Evaluating prompt: a tiny flower
  Processing 20/138...
  Processing 40/138...
  Processing 60/138...
  Processing 80/138...
  Processing 100/138...
  Processing 120/138...
  ✓ mAP@0.5: 0.1187, F1: 0.1595
  💾 Saved to /data2/jmearles/AgVFM2/notebooks/results/phase1_factor_analysis/yolo_world_factor_analysis.json

================================================================================
✅ Factor analysis complete for YOLO World
   Results saved to: /data2/jmearles/AgVFM2/notebooks/results/phase1_factor_analysis/yolo_world_factor_analysis.json
================================================================================

2026-02-18 09:48:57,107 - agvfm.utils.logging - INFO - ======================================================================
2026-02-18 09:48:57,107 - agvfm.utils.logging - INFO - Experiment complete: Phase 1: Factor Analysis
2026-02-18 09:48:57,108 - agvfm.utils.logging - INFO - Results saved to: /data2/jmearles/AgVFM2/notebooks/results/phase1_factor_analysis
2026-02-18 09:48:57,108 - agvfm.utils.logging - INFO - ======================================================================
================================================================================
✅ All experiments complete!
📊 Results: /data2/jmearles/AgVFM2/notebooks/results/phase1_factor_analysis
📝 Logs: /data2/jmearles/AgVFM2/notebooks/results/phase1_factor_analysis/logs/phase1_factor_analysis_20260218_094548.log
================================================================================

