2026-02-19 06:04:12,675 - agvfm.utils.logging - INFO - Logging to /data2/jmearles/AgVFM2/experiments/results/phase1_factor_analysis/logs/phase1_factor_analysis_20260219_060412.log
2026-02-19 06:04:12,676 - agvfm.utils.logging - INFO - ======================================================================
2026-02-19 06:04:12,676 - agvfm.utils.logging - INFO - Starting experiment: Phase 1: Factor Analysis
2026-02-19 06:04:12,676 - agvfm.utils.logging - INFO - ======================================================================
2026-02-19 06:04:12,676 - agvfm.utils.logging - INFO - Configuration:
2026-02-19 06:04:12,676 - agvfm.utils.logging - INFO -   model: sam3
2026-02-19 06:04:12,676 - agvfm.utils.logging - INFO -   device: cuda
2026-02-19 06:04:12,676 - agvfm.utils.logging - INFO -   resume: True
2026-02-19 06:04:12,676 - agvfm.utils.logging - INFO -   test_set: full
2026-02-19 06:04:12,676 - agvfm.utils.logging - INFO -   images_dir: /data2/jmearles/AgVFM2/_data/T4_REAL_FLOWER_SOBJ.v18-train_2023_test_location_genotype/test/images
2026-02-19 06:04:12,676 - agvfm.utils.logging - INFO -   labels_dir: /data2/jmearles/AgVFM2/_data/T4_REAL_FLOWER_SOBJ.v18-train_2023_test_location_genotype/test/labels
2026-02-19 06:04:12,676 - agvfm.utils.logging - INFO -   n_images: 158
2026-02-19 06:04:12,676 - agvfm.utils.logging - INFO -   results_dir: /data2/jmearles/AgVFM2/experiments/results/phase1_factor_analysis
2026-02-19 06:04:12,676 - agvfm.utils.logging - INFO - ======================================================================
2026-02-19 06:04:16,827 - httpx - INFO - HTTP Request: GET https://huggingface.co/api/models/facebook/sam3/tree/main/additional_chat_templates?recursive=false&expand=false "HTTP/1.1 404 Not Found"
2026-02-19 06:04:16,922 - httpx - INFO - HTTP Request: HEAD https://huggingface.co/facebook/sam3/resolve/main/processor_config.json "HTTP/1.1 200 OK"
2026-02-19 06:04:17,008 - httpx - INFO - HTTP Request: HEAD https://huggingface.co/facebook/sam3/resolve/main/chat_template.json "HTTP/1.1 404 Not Found"
2026-02-19 06:04:17,094 - httpx - INFO - HTTP Request: HEAD https://huggingface.co/facebook/sam3/resolve/main/chat_template.jinja "HTTP/1.1 404 Not Found"
2026-02-19 06:04:17,176 - httpx - INFO - HTTP Request: HEAD https://huggingface.co/facebook/sam3/resolve/main/audio_tokenizer_config.json "HTTP/1.1 404 Not Found"
2026-02-19 06:04:17,261 - httpx - INFO - HTTP Request: HEAD https://huggingface.co/facebook/sam3/resolve/main/processor_config.json "HTTP/1.1 200 OK"
2026-02-19 06:04:17,356 - httpx - INFO - HTTP Request: HEAD https://huggingface.co/facebook/sam3/resolve/main/preprocessor_config.json "HTTP/1.1 404 Not Found"
2026-02-19 06:04:17,448 - httpx - INFO - HTTP Request: HEAD https://huggingface.co/facebook/sam3/resolve/main/processor_config.json "HTTP/1.1 200 OK"
2026-02-19 06:04:17,531 - httpx - INFO - HTTP Request: HEAD https://huggingface.co/facebook/sam3/resolve/main/preprocessor_config.json "HTTP/1.1 404 Not Found"
2026-02-19 06:04:17,615 - httpx - INFO - HTTP Request: HEAD https://huggingface.co/facebook/sam3/resolve/main/config.json "HTTP/1.1 200 OK"
2026-02-19 06:04:17,721 - httpx - INFO - HTTP Request: HEAD https://huggingface.co/facebook/sam3/resolve/main/tokenizer_config.json "HTTP/1.1 200 OK"
2026-02-19 06:04:17,803 - httpx - INFO - HTTP Request: GET https://huggingface.co/api/models/facebook/sam3/tree/main/additional_chat_templates?recursive=false&expand=false "HTTP/1.1 404 Not Found"
2026-02-19 06:04:17,887 - httpx - INFO - HTTP Request: GET https://huggingface.co/api/models/facebook/sam3/tree/main?recursive=true&expand=false "HTTP/1.1 200 OK"
2026-02-19 06:04:18,687 - httpx - INFO - HTTP Request: HEAD https://huggingface.co/facebook/sam3/resolve/main/config.json "HTTP/1.1 200 OK"
2026-02-19 06:04:18,778 - httpx - INFO - HTTP Request: HEAD https://huggingface.co/facebook/sam3/resolve/main/model.safetensors "HTTP/1.1 302 Found"
2026-02-19 06:04:21,097 - __main__ - INFO - [1/34] Starting: baseline - 'a flower'
2026-02-19 06:05:02,729 - __main__ - INFO - [1/34] Completed: baseline - mAP@0.5: 0.3710, F1: 0.2644
2026-02-19 06:05:02,730 - __main__ - INFO -   Saved progress: 1/34 configurations complete
2026-02-19 06:05:02,730 - __main__ - INFO - [2/34] Starting: taxonomy:cowpea flower_grammar:a - 'a cowpea flower'
2026-02-19 06:05:43,134 - __main__ - INFO - [2/34] Completed: taxonomy:cowpea flower_grammar:a - mAP@0.5: 0.3119, F1: 0.3709
2026-02-19 06:05:43,174 - __main__ - INFO -   Saved progress: 2/34 configurations complete
2026-02-19 06:05:43,174 - __main__ - INFO - [3/34] Starting: taxonomy:bean flower_grammar:a - 'a bean flower'
2026-02-19 06:06:23,372 - __main__ - INFO - [3/34] Completed: taxonomy:bean flower_grammar:a - mAP@0.5: 0.1284, F1: 0.2238
2026-02-19 06:06:23,390 - __main__ - INFO -   Saved progress: 3/34 configurations complete
2026-02-19 06:06:23,391 - __main__ - INFO - [4/34] Starting: taxonomy:pea flower_grammar:a - 'a pea flower'
2026-02-19 06:07:03,766 - __main__ - INFO - [4/34] Completed: taxonomy:pea flower_grammar:a - mAP@0.5: 0.2797, F1: 0.2703
2026-02-19 06:07:03,838 - __main__ - INFO -   Saved progress: 4/34 configurations complete
2026-02-19 06:07:03,838 - __main__ - INFO - [5/34] Starting: taxonomy:legume flower_grammar:a - 'a legume flower'
2026-02-19 06:07:43,955 - __main__ - INFO - [5/34] Completed: taxonomy:legume flower_grammar:a - mAP@0.5: 0.0636, F1: 0.1255
2026-02-19 06:07:43,977 - __main__ - INFO -   Saved progress: 5/34 configurations complete
2026-02-19 06:07:43,978 - __main__ - INFO - [6/34] Starting: taxonomy:black-eyed pea flower_grammar:a - 'a black-eyed pea flower'
2026-02-19 06:08:25,250 - __main__ - INFO - [6/34] Completed: taxonomy:black-eyed pea flower_grammar:a - mAP@0.5: 0.3153, F1: 0.2012
2026-02-19 06:08:25,273 - __main__ - INFO -   Saved progress: 6/34 configurations complete
2026-02-19 06:08:25,273 - __main__ - INFO - [7/34] Starting: taxonomy:vigna unguiculata flower_grammar:a - 'a vigna unguiculata flower'
2026-02-19 06:09:05,566 - __main__ - INFO - [7/34] Completed: taxonomy:vigna unguiculata flower_grammar:a - mAP@0.5: 0.0000, F1: 0.0000
2026-02-19 06:09:05,622 - __main__ - INFO -   Saved progress: 7/34 configurations complete
2026-02-19 06:09:05,622 - __main__ - INFO - [8/34] Starting: taxonomy:crop flower_grammar:a - 'a crop flower'
2026-02-19 06:09:46,395 - __main__ - INFO - [8/34] Completed: taxonomy:crop flower_grammar:a - mAP@0.5: 0.2664, F1: 0.2994
2026-02-19 06:09:46,428 - __main__ - INFO -   Saved progress: 8/34 configurations complete
2026-02-19 06:09:46,428 - __main__ - INFO - [9/34] Starting: taxonomy:flower_color:yellow_grammar:a - 'a yellow flower'
2026-02-19 06:10:27,513 - __main__ - INFO - [9/34] Completed: taxonomy:flower_color:yellow_grammar:a - mAP@0.5: 0.4593, F1: 0.2915
2026-02-19 06:10:27,559 - __main__ - INFO -   Saved progress: 9/34 configurations complete
2026-02-19 06:10:27,559 - __main__ - INFO - [10/34] Starting: taxonomy:flower_color:white_grammar:a - 'a white flower'
2026-02-19 06:11:08,343 - __main__ - INFO - [10/34] Completed: taxonomy:flower_color:white_grammar:a - mAP@0.5: 0.2724, F1: 0.2959
2026-02-19 06:11:08,381 - __main__ - INFO -   Saved progress: 10/34 configurations complete
2026-02-19 06:11:08,381 - __main__ - INFO - [11/34] Starting: taxonomy:flower_color:cream_grammar:a - 'a cream flower'
2026-02-19 06:11:49,151 - __main__ - INFO - [11/34] Completed: taxonomy:flower_color:cream_grammar:a - mAP@0.5: 0.3029, F1: 0.3623
2026-02-19 06:11:49,195 - __main__ - INFO -   Saved progress: 11/34 configurations complete
2026-02-19 06:11:49,195 - __main__ - INFO - [12/34] Starting: taxonomy:flower_color:purple_grammar:a - 'a purple flower'
2026-02-19 06:12:29,600 - __main__ - INFO - [12/34] Completed: taxonomy:flower_color:purple_grammar:a - mAP@0.5: 0.0141, F1: 0.0152
2026-02-19 06:12:29,609 - __main__ - INFO -   Saved progress: 12/34 configurations complete
2026-02-19 06:12:29,609 - __main__ - INFO - [13/34] Starting: taxonomy:flower_size:large_grammar:a - 'a large flower'
2026-02-19 06:13:10,071 - __main__ - INFO - [13/34] Completed: taxonomy:flower_size:large_grammar:a - mAP@0.5: 0.2007, F1: 0.4009
2026-02-19 06:13:10,106 - __main__ - INFO -   Saved progress: 13/34 configurations complete
2026-02-19 06:13:10,107 - __main__ - INFO - [14/34] Starting: taxonomy:flower_size:small_grammar:a - 'a small flower'
2026-02-19 06:13:51,326 - __main__ - INFO - [14/34] Completed: taxonomy:flower_size:small_grammar:a - mAP@0.5: 0.3965, F1: 0.1907
2026-02-19 06:13:51,362 - __main__ - INFO -   Saved progress: 14/34 configurations complete
2026-02-19 06:13:51,362 - __main__ - INFO - [15/34] Starting: taxonomy:flower_size:tiny_grammar:a - 'a tiny flower'
2026-02-19 06:14:32,625 - __main__ - INFO - [15/34] Completed: taxonomy:flower_size:tiny_grammar:a - mAP@0.5: 0.4198, F1: 0.1835
2026-02-19 06:14:32,659 - __main__ - INFO -   Saved progress: 15/34 configurations complete
2026-02-19 06:14:32,660 - __main__ - INFO - [16/34] Starting: taxonomy:flower_phenology:bud_grammar:a - 'a flower bud'
2026-02-19 06:15:13,790 - __main__ - INFO - [16/34] Completed: taxonomy:flower_phenology:bud_grammar:a - mAP@0.5: 0.4765, F1: 0.2408
2026-02-19 06:15:13,848 - __main__ - INFO -   Saved progress: 16/34 configurations complete
2026-02-19 06:15:13,848 - __main__ - INFO - [17/34] Starting: taxonomy:flower_phenology:open_grammar:a - 'an open flower'
2026-02-19 06:15:54,724 - __main__ - INFO - [17/34] Completed: taxonomy:flower_phenology:open_grammar:a - mAP@0.5: 0.3227, F1: 0.2890
2026-02-19 06:15:54,762 - __main__ - INFO -   Saved progress: 17/34 configurations complete
2026-02-19 06:15:54,763 - __main__ - INFO - [18/34] Starting: taxonomy:flower_phenology:closed bud_grammar:a - 'a closed bud'
2026-02-19 06:16:36,187 - __main__ - INFO - [18/34] Completed: taxonomy:flower_phenology:closed bud_grammar:a - mAP@0.5: 0.5190, F1: 0.1986
2026-02-19 06:16:36,226 - __main__ - INFO -   Saved progress: 18/34 configurations complete
2026-02-19 06:16:36,226 - __main__ - INFO - [19/34] Starting: taxonomy:flower_phenology:blooming_grammar:a - 'a blooming flower'
2026-02-19 06:17:17,276 - __main__ - INFO - [19/34] Completed: taxonomy:flower_phenology:blooming_grammar:a - mAP@0.5: 0.3140, F1: 0.2884
2026-02-19 06:17:17,357 - __main__ - INFO -   Saved progress: 19/34 configurations complete
2026-02-19 06:17:17,357 - __main__ - INFO - [20/34] Starting: taxonomy:flower_phenology:in bloom_grammar:a - 'a flower in bloom'
2026-02-19 06:17:58,175 - __main__ - INFO - [20/34] Completed: taxonomy:flower_phenology:in bloom_grammar:a - mAP@0.5: 0.3601, F1: 0.3209
2026-02-19 06:17:58,221 - __main__ - INFO -   Saved progress: 20/34 configurations complete
2026-02-19 06:17:58,221 - __main__ - INFO - [21/34] Starting: taxonomy:flower_negation:not a bud, not the green calyx, not a leaf_grammar:a - 'a flower not a bud, not the green calyx, not a leaf'
2026-02-19 06:18:38,947 - __main__ - INFO - [21/34] Completed: taxonomy:flower_negation:not a bud, not the green calyx, not a leaf_grammar:a - mAP@0.5: 0.1974, F1: 0.3056
2026-02-19 06:18:38,985 - __main__ - INFO -   Saved progress: 21/34 configurations complete
2026-02-19 06:18:38,985 - __main__ - INFO - [22/34] Starting: taxonomy:flower_negation:not a bud, not the green calyx_grammar:a - 'a flower not a bud, not the green calyx'
2026-02-19 06:19:19,829 - __main__ - INFO - [22/34] Completed: taxonomy:flower_negation:not a bud, not the green calyx_grammar:a - mAP@0.5: 0.2319, F1: 0.3034
2026-02-19 06:19:19,849 - __main__ - INFO -   Saved progress: 22/34 configurations complete
2026-02-19 06:19:19,850 - __main__ - INFO - [23/34] Starting: taxonomy:flower_negation:not a leaf_grammar:a - 'a flower not a leaf'
2026-02-19 06:20:00,321 - __main__ - INFO - [23/34] Completed: taxonomy:flower_negation:not a leaf_grammar:a - mAP@0.5: 0.1371, F1: 0.3449
2026-02-19 06:20:00,367 - __main__ - INFO -   Saved progress: 23/34 configurations complete
2026-02-19 06:20:00,367 - __main__ - INFO - [24/34] Starting: taxonomy:flower_negation:not a bud_grammar:a - 'a flower not a bud'
2026-02-19 06:20:41,562 - __main__ - INFO - [24/34] Completed: taxonomy:flower_negation:not a bud_grammar:a - mAP@0.5: 0.4174, F1: 0.2302
2026-02-19 06:20:41,603 - __main__ - INFO -   Saved progress: 24/34 configurations complete
2026-02-19 06:20:41,603 - __main__ - INFO - [25/34] Starting: taxonomy:flower_negation:not the green calyx_grammar:a - 'a flower not the green calyx'
2026-02-19 06:21:22,268 - __main__ - INFO - [25/34] Completed: taxonomy:flower_negation:not the green calyx_grammar:a - mAP@0.5: 0.0909, F1: 0.1003
2026-02-19 06:21:22,359 - __main__ - INFO -   Saved progress: 25/34 configurations complete
2026-02-19 06:21:22,359 - __main__ - INFO - [26/34] Starting: taxonomy:flower_anatomy:with open petals_grammar:a - 'a flower with open petals'
2026-02-19 06:22:03,312 - __main__ - INFO - [26/34] Completed: taxonomy:flower_anatomy:with open petals_grammar:a - mAP@0.5: 0.3161, F1: 0.3324
2026-02-19 06:22:03,339 - __main__ - INFO -   Saved progress: 26/34 configurations complete
2026-02-19 06:22:03,340 - __main__ - INFO - [27/34] Starting: taxonomy:flower_anatomy:with visible petals_grammar:a - 'a flower with visible petals'
2026-02-19 06:22:44,438 - __main__ - INFO - [27/34] Completed: taxonomy:flower_anatomy:with visible petals_grammar:a - mAP@0.5: 0.3283, F1: 0.2887
2026-02-19 06:22:44,470 - __main__ - INFO -   Saved progress: 27/34 configurations complete
2026-02-19 06:22:44,470 - __main__ - INFO - [28/34] Starting: taxonomy:flower_anatomy:with petals and stamens_grammar:a - 'a flower with petals and stamens'
2026-02-19 06:23:25,460 - __main__ - INFO - [28/34] Completed: taxonomy:flower_anatomy:with petals and stamens_grammar:a - mAP@0.5: 0.1815, F1: 0.2988
2026-02-19 06:23:25,466 - __main__ - INFO -   Saved progress: 28/34 configurations complete
2026-02-19 06:23:25,466 - __main__ - INFO - [29/34] Starting: taxonomy:flower_anatomy:corolla_grammar:a - 'a corolla'
2026-02-19 06:24:05,937 - __main__ - INFO - [29/34] Completed: taxonomy:flower_anatomy:corolla_grammar:a - mAP@0.5: 0.0000, F1: 0.0000
2026-02-19 06:24:05,973 - __main__ - INFO -   Saved progress: 29/34 configurations complete
2026-02-19 06:24:05,974 - __main__ - INFO - [30/34] Starting: taxonomy:flower_grammar:a single - 'a single flower'
2026-02-19 06:24:47,256 - __main__ - INFO - [30/34] Completed: taxonomy:flower_grammar:a single - mAP@0.5: 0.3896, F1: 0.2814
2026-02-19 06:24:47,302 - __main__ - INFO -   Saved progress: 30/34 configurations complete
2026-02-19 06:24:47,302 - __main__ - INFO - [31/34] Starting: taxonomy:flower - 'flower'
2026-02-19 06:25:28,481 - __main__ - INFO - [31/34] Completed: taxonomy:flower - mAP@0.5: 0.3907, F1: 0.2504
2026-02-19 06:25:28,510 - __main__ - INFO -   Saved progress: 31/34 configurations complete
2026-02-19 06:25:28,510 - __main__ - INFO - [32/34] Starting: taxonomy:flower_grammar:a photo of a - 'a photo of a flower'
2026-02-19 06:26:09,097 - __main__ - INFO - [32/34] Completed: taxonomy:flower_grammar:a photo of a - mAP@0.5: 0.0000, F1: 0.0000
2026-02-19 06:26:09,134 - __main__ - INFO -   Saved progress: 32/34 configurations complete
2026-02-19 06:26:09,134 - __main__ - INFO - [33/34] Starting: taxonomy:flower_grammar:one - 'one flower'
2026-02-19 06:26:50,305 - __main__ - INFO - [33/34] Completed: taxonomy:flower_grammar:one - mAP@0.5: 0.3639, F1: 0.2848
2026-02-19 06:26:50,346 - __main__ - INFO -   Saved progress: 33/34 configurations complete
2026-02-19 06:26:50,346 - __main__ - INFO - [34/34] Starting: taxonomy:flower_grammar:close-up of a - 'close-up of a flower'
2026-02-19 06:27:30,481 - __main__ - INFO - [34/34] Completed: taxonomy:flower_grammar:close-up of a - mAP@0.5: 0.0061, F1: 0.0039
2026-02-19 06:27:30,558 - __main__ - INFO -   Saved progress: 34/34 configurations complete
2026-02-19 06:27:30,568 - agvfm.utils.logging - INFO - ======================================================================
2026-02-19 06:27:30,568 - agvfm.utils.logging - INFO - Experiment complete: Phase 1: Factor Analysis
2026-02-19 06:27:30,568 - agvfm.utils.logging - INFO - Results saved to: /data2/jmearles/AgVFM2/experiments/results/phase1_factor_analysis
2026-02-19 06:27:30,568 - agvfm.utils.logging - INFO - ======================================================================
