2026-02-19 09:44:12,107 - agvfm.utils.logging - INFO - Logging to /data2/jmearles/AgVFM2/experiments/results/phase2_combinations/logs/sam3_run_20260219_094412.log
2026-02-19 09:44:12,163 - agvfm.utils.logging - INFO - ======================================================================
2026-02-19 09:44:12,163 - agvfm.utils.logging - INFO - Starting experiment: Phase 2: sam3
2026-02-19 09:44:12,163 - agvfm.utils.logging - INFO - ======================================================================
2026-02-19 09:44:12,163 - agvfm.utils.logging - INFO - Configuration:
2026-02-19 09:44:12,163 - agvfm.utils.logging - INFO -   model: sam3
2026-02-19 09:44:12,163 - agvfm.utils.logging - INFO -   test_set_size: 158
2026-02-19 09:44:12,163 - agvfm.utils.logging - INFO -   full_test_set: True
2026-02-19 09:44:12,163 - agvfm.utils.logging - INFO - ======================================================================
2026-02-19 09:44:15,146 - httpx - INFO - HTTP Request: GET https://huggingface.co/api/models/facebook/sam3/tree/main/additional_chat_templates?recursive=false&expand=false "HTTP/1.1 404 Not Found"
2026-02-19 09:44:15,234 - httpx - INFO - HTTP Request: HEAD https://huggingface.co/facebook/sam3/resolve/main/processor_config.json "HTTP/1.1 200 OK"
2026-02-19 09:44:15,319 - httpx - INFO - HTTP Request: HEAD https://huggingface.co/facebook/sam3/resolve/main/chat_template.json "HTTP/1.1 404 Not Found"
2026-02-19 09:44:15,406 - httpx - INFO - HTTP Request: HEAD https://huggingface.co/facebook/sam3/resolve/main/chat_template.jinja "HTTP/1.1 404 Not Found"
2026-02-19 09:44:15,712 - httpx - INFO - HTTP Request: HEAD https://huggingface.co/facebook/sam3/resolve/main/audio_tokenizer_config.json "HTTP/1.1 404 Not Found"
2026-02-19 09:44:15,799 - httpx - INFO - HTTP Request: HEAD https://huggingface.co/facebook/sam3/resolve/main/processor_config.json "HTTP/1.1 200 OK"
2026-02-19 09:44:15,887 - httpx - INFO - HTTP Request: HEAD https://huggingface.co/facebook/sam3/resolve/main/preprocessor_config.json "HTTP/1.1 404 Not Found"
2026-02-19 09:44:15,977 - httpx - INFO - HTTP Request: HEAD https://huggingface.co/facebook/sam3/resolve/main/processor_config.json "HTTP/1.1 200 OK"
2026-02-19 09:44:16,060 - httpx - INFO - HTTP Request: HEAD https://huggingface.co/facebook/sam3/resolve/main/preprocessor_config.json "HTTP/1.1 404 Not Found"
2026-02-19 09:44:16,148 - httpx - INFO - HTTP Request: HEAD https://huggingface.co/facebook/sam3/resolve/main/config.json "HTTP/1.1 200 OK"
2026-02-19 09:44:16,251 - httpx - INFO - HTTP Request: HEAD https://huggingface.co/facebook/sam3/resolve/main/tokenizer_config.json "HTTP/1.1 200 OK"
2026-02-19 09:44:16,335 - httpx - INFO - HTTP Request: GET https://huggingface.co/api/models/facebook/sam3/tree/main/additional_chat_templates?recursive=false&expand=false "HTTP/1.1 404 Not Found"
2026-02-19 09:44:16,420 - httpx - INFO - HTTP Request: GET https://huggingface.co/api/models/facebook/sam3/tree/main?recursive=true&expand=false "HTTP/1.1 200 OK"
2026-02-19 09:44:17,153 - httpx - INFO - HTTP Request: HEAD https://huggingface.co/facebook/sam3/resolve/main/config.json "HTTP/1.1 200 OK"
2026-02-19 09:44:17,244 - httpx - INFO - HTTP Request: HEAD https://huggingface.co/facebook/sam3/resolve/main/model.safetensors "HTTP/1.1 302 Found"
2026-02-19 09:44:25,061 - agvfm.utils.logging - INFO - ======================================================================
2026-02-19 09:44:25,062 - agvfm.utils.logging - INFO - Experiment complete: Phase 2: sam3
2026-02-19 09:44:25,062 - agvfm.utils.logging - INFO - Results saved to: /data2/jmearles/AgVFM2/experiments/results/phase2_combinations/sam3_combinations.json
2026-02-19 09:44:25,062 - agvfm.utils.logging - INFO - ======================================================================
