2026-02-19 09:42:38,481 - agvfm.utils.logging - INFO - Logging to /data2/jmearles/AgVFM2/experiments/results/phase2_combinations/logs/sam3_run_20260219_094238.log
2026-02-19 09:42:38,485 - agvfm.utils.logging - INFO - ======================================================================
2026-02-19 09:42:38,485 - agvfm.utils.logging - INFO - Starting experiment: Phase 2: sam3
2026-02-19 09:42:38,485 - agvfm.utils.logging - INFO - ======================================================================
2026-02-19 09:42:38,485 - agvfm.utils.logging - INFO - Configuration:
2026-02-19 09:42:38,485 - agvfm.utils.logging - INFO -   model: sam3
2026-02-19 09:42:38,485 - agvfm.utils.logging - INFO -   test_set_size: 158
2026-02-19 09:42:38,485 - agvfm.utils.logging - INFO -   full_test_set: True
2026-02-19 09:42:38,485 - agvfm.utils.logging - INFO - ======================================================================
2026-02-19 09:42:41,130 - httpx - INFO - HTTP Request: GET https://huggingface.co/api/models/facebook/sam3/tree/main/additional_chat_templates?recursive=false&expand=false "HTTP/1.1 404 Not Found"
2026-02-19 09:42:41,220 - httpx - INFO - HTTP Request: HEAD https://huggingface.co/facebook/sam3/resolve/main/processor_config.json "HTTP/1.1 200 OK"
2026-02-19 09:42:41,308 - httpx - INFO - HTTP Request: HEAD https://huggingface.co/facebook/sam3/resolve/main/chat_template.json "HTTP/1.1 404 Not Found"
2026-02-19 09:42:41,395 - httpx - INFO - HTTP Request: HEAD https://huggingface.co/facebook/sam3/resolve/main/chat_template.jinja "HTTP/1.1 404 Not Found"
2026-02-19 09:42:41,479 - httpx - INFO - HTTP Request: HEAD https://huggingface.co/facebook/sam3/resolve/main/audio_tokenizer_config.json "HTTP/1.1 404 Not Found"
2026-02-19 09:42:41,574 - httpx - INFO - HTTP Request: HEAD https://huggingface.co/facebook/sam3/resolve/main/processor_config.json "HTTP/1.1 200 OK"
2026-02-19 09:42:41,656 - httpx - INFO - HTTP Request: HEAD https://huggingface.co/facebook/sam3/resolve/main/preprocessor_config.json "HTTP/1.1 404 Not Found"
2026-02-19 09:42:41,746 - httpx - INFO - HTTP Request: HEAD https://huggingface.co/facebook/sam3/resolve/main/processor_config.json "HTTP/1.1 200 OK"
2026-02-19 09:42:41,829 - httpx - INFO - HTTP Request: HEAD https://huggingface.co/facebook/sam3/resolve/main/preprocessor_config.json "HTTP/1.1 404 Not Found"
2026-02-19 09:42:41,917 - httpx - INFO - HTTP Request: HEAD https://huggingface.co/facebook/sam3/resolve/main/config.json "HTTP/1.1 200 OK"
2026-02-19 09:42:42,019 - httpx - INFO - HTTP Request: HEAD https://huggingface.co/facebook/sam3/resolve/main/tokenizer_config.json "HTTP/1.1 200 OK"
2026-02-19 09:42:42,118 - httpx - INFO - HTTP Request: GET https://huggingface.co/api/models/facebook/sam3/tree/main/additional_chat_templates?recursive=false&expand=false "HTTP/1.1 404 Not Found"
2026-02-19 09:42:42,216 - httpx - INFO - HTTP Request: GET https://huggingface.co/api/models/facebook/sam3/tree/main?recursive=true&expand=false "HTTP/1.1 200 OK"
2026-02-19 09:42:42,949 - httpx - INFO - HTTP Request: HEAD https://huggingface.co/facebook/sam3/resolve/main/config.json "HTTP/1.1 200 OK"
2026-02-19 09:42:43,475 - httpx - INFO - HTTP Request: HEAD https://huggingface.co/facebook/sam3/resolve/main/model.safetensors "HTTP/1.1 302 Found"
2026-02-19 09:43:00,029 - agvfm.utils.logging - INFO - ======================================================================
2026-02-19 09:43:00,029 - agvfm.utils.logging - INFO - Experiment complete: Phase 2: sam3
2026-02-19 09:43:00,029 - agvfm.utils.logging - INFO - Results saved to: /data2/jmearles/AgVFM2/experiments/results/phase2_combinations/sam3_combinations.json
2026-02-19 09:43:00,029 - agvfm.utils.logging - INFO - ======================================================================
