2026-02-19 09:45:22,626 - agvfm.utils.logging - INFO - Logging to /data2/jmearles/AgVFM2/experiments/results/phase2_combinations/logs/sam3_run_20260219_094522.log
2026-02-19 09:45:22,630 - agvfm.utils.logging - INFO - ======================================================================
2026-02-19 09:45:22,630 - agvfm.utils.logging - INFO - Starting experiment: Phase 2: sam3
2026-02-19 09:45:22,630 - agvfm.utils.logging - INFO - ======================================================================
2026-02-19 09:45:22,630 - agvfm.utils.logging - INFO - Configuration:
2026-02-19 09:45:22,630 - agvfm.utils.logging - INFO -   model: sam3
2026-02-19 09:45:22,630 - agvfm.utils.logging - INFO -   test_set_size: 158
2026-02-19 09:45:22,630 - agvfm.utils.logging - INFO -   full_test_set: True
2026-02-19 09:45:22,630 - agvfm.utils.logging - INFO - ======================================================================
2026-02-19 09:45:25,223 - httpx - INFO - HTTP Request: GET https://huggingface.co/api/models/facebook/sam3/tree/main/additional_chat_templates?recursive=false&expand=false "HTTP/1.1 404 Not Found"
2026-02-19 09:45:25,309 - httpx - INFO - HTTP Request: HEAD https://huggingface.co/facebook/sam3/resolve/main/processor_config.json "HTTP/1.1 200 OK"
2026-02-19 09:45:25,402 - httpx - INFO - HTTP Request: HEAD https://huggingface.co/facebook/sam3/resolve/main/chat_template.json "HTTP/1.1 404 Not Found"
2026-02-19 09:45:25,498 - httpx - INFO - HTTP Request: HEAD https://huggingface.co/facebook/sam3/resolve/main/chat_template.jinja "HTTP/1.1 404 Not Found"
2026-02-19 09:45:25,584 - httpx - INFO - HTTP Request: HEAD https://huggingface.co/facebook/sam3/resolve/main/audio_tokenizer_config.json "HTTP/1.1 404 Not Found"
2026-02-19 09:45:25,666 - httpx - INFO - HTTP Request: HEAD https://huggingface.co/facebook/sam3/resolve/main/processor_config.json "HTTP/1.1 200 OK"
2026-02-19 09:45:25,754 - httpx - INFO - HTTP Request: HEAD https://huggingface.co/facebook/sam3/resolve/main/preprocessor_config.json "HTTP/1.1 404 Not Found"
2026-02-19 09:45:25,843 - httpx - INFO - HTTP Request: HEAD https://huggingface.co/facebook/sam3/resolve/main/processor_config.json "HTTP/1.1 200 OK"
2026-02-19 09:45:25,930 - httpx - INFO - HTTP Request: HEAD https://huggingface.co/facebook/sam3/resolve/main/preprocessor_config.json "HTTP/1.1 404 Not Found"
2026-02-19 09:45:26,013 - httpx - INFO - HTTP Request: HEAD https://huggingface.co/facebook/sam3/resolve/main/config.json "HTTP/1.1 200 OK"
2026-02-19 09:45:26,122 - httpx - INFO - HTTP Request: HEAD https://huggingface.co/facebook/sam3/resolve/main/tokenizer_config.json "HTTP/1.1 200 OK"
2026-02-19 09:45:26,210 - httpx - INFO - HTTP Request: GET https://huggingface.co/api/models/facebook/sam3/tree/main/additional_chat_templates?recursive=false&expand=false "HTTP/1.1 404 Not Found"
2026-02-19 09:45:26,294 - httpx - INFO - HTTP Request: GET https://huggingface.co/api/models/facebook/sam3/tree/main?recursive=true&expand=false "HTTP/1.1 200 OK"
2026-02-19 09:45:27,047 - httpx - INFO - HTTP Request: HEAD https://huggingface.co/facebook/sam3/resolve/main/config.json "HTTP/1.1 200 OK"
2026-02-19 09:45:27,161 - httpx - INFO - HTTP Request: HEAD https://huggingface.co/facebook/sam3/resolve/main/model.safetensors "HTTP/1.1 302 Found"
2026-02-19 09:54:19,655 - agvfm.utils.logging - INFO - ======================================================================
2026-02-19 09:54:19,655 - agvfm.utils.logging - INFO - Experiment complete: Phase 2: sam3
2026-02-19 09:54:19,655 - agvfm.utils.logging - INFO - Results saved to: /data2/jmearles/AgVFM2/experiments/results/phase2_combinations/sam3_combinations.json
2026-02-19 09:54:19,656 - agvfm.utils.logging - INFO - ======================================================================
