2026-02-19 09:12:23,276 - agvfm.utils.logging - INFO - Logging to /data2/jmearles/AgVFM2/experiments/results/phase2_combinations/logs/yolo-world_run_20260219_091223.log
2026-02-19 09:12:23,279 - agvfm.utils.logging - INFO - ======================================================================
2026-02-19 09:12:23,324 - agvfm.utils.logging - INFO - Starting experiment: Phase 2: yolo_world
2026-02-19 09:12:23,324 - agvfm.utils.logging - INFO - ======================================================================
2026-02-19 09:12:23,324 - agvfm.utils.logging - INFO - Configuration:
2026-02-19 09:12:23,324 - agvfm.utils.logging - INFO -   model: yolo_world
2026-02-19 09:12:23,324 - agvfm.utils.logging - INFO -   test_set_size: 158
2026-02-19 09:12:23,324 - agvfm.utils.logging - INFO -   full_test_set: True
2026-02-19 09:12:23,324 - agvfm.utils.logging - INFO - ======================================================================
Loaded 158 images from /data2/jmearles/AgVFM2/_data/T4_REAL_FLOWER_SOBJ.v18-train_2023_test_location_genotype/test/images

================================================================================
Running Combination Tests: yolo_world
================================================================================

Total configs: 13
Already completed: 0
Remaining: 13


[1/13] Testing: C3
  Prompt: a cowpea flower
  Description: Species baseline - taxonomy only

Evaluating prompt: a cowpea flower
  Using batch size: 15
  Processing batch 10 (150/158)...
  Processing batch 11 (158/158)...
  ✗ Error: Object of type int64 is not JSON serializable
Traceback (most recent call last):
  File "/data2/jmearles/AgVFM2/experiments/scripts/experiments/phase2/run_combinations.py", line 168, in run_combinations
    save_results(results_file, results)
    ~~~~~~~~~~~~^^^^^^^^^^^^^^^^^^^^^^^
  File "/data2/jmearles/AgVFM2/experiments/scripts/experiments/phase2/run_combinations.py", line 117, in save_results
    json.dump(results, f, indent=2)
    ~~~~~~~~~^^^^^^^^^^^^^^^^^^^^^^
  File "/data/apps/conda/jmearles/envs/agvfm/lib/python3.14/json/__init__.py", line 181, in dump
    for chunk in iterable:
                 ^^^^^^^^
  File "/data/apps/conda/jmearles/envs/agvfm/lib/python3.14/json/encoder.py", line 444, in _iterencode
    yield from _iterencode_dict(o, _current_indent_level)
  File "/data/apps/conda/jmearles/envs/agvfm/lib/python3.14/json/encoder.py", line 413, in _iterencode_dict
    yield from chunks
  File "/data/apps/conda/jmearles/envs/agvfm/lib/python3.14/json/encoder.py", line 413, in _iterencode_dict
    yield from chunks
  File "/data/apps/conda/jmearles/envs/agvfm/lib/python3.14/json/encoder.py", line 413, in _iterencode_dict
    yield from chunks
  [Previous line repeated 2 more times]
  File "/data/apps/conda/jmearles/envs/agvfm/lib/python3.14/json/encoder.py", line 451, in _iterencode
    newobj = _default(o)
  File "/data/apps/conda/jmearles/envs/agvfm/lib/python3.14/json/encoder.py", line 182, in default
    raise TypeError(f'Object of type {o.__class__.__name__} '
                    f'is not JSON serializable')
TypeError: Object of type int64 is not JSON serializable
when serializing dict item 'total_fn'
when serializing dict item 'iou_0.3'
when serializing dict item 'metrics_by_iou'
when serializing dict item 'C3'
when serializing dict item 'results'

[2/13] Testing: C_color_taxonomy
  Prompt: a yellow cowpea flower
  Description: Color + Taxonomy

Evaluating prompt: a yellow cowpea flower
  Using batch size: 15
  Processing batch 10 (150/158)...
  Processing batch 11 (158/158)...
  ✗ Error: Object of type int64 is not JSON serializable
Traceback (most recent call last):
  File "/data2/jmearles/AgVFM2/experiments/scripts/experiments/phase2/run_combinations.py", line 168, in run_combinations
    save_results(results_file, results)
    ~~~~~~~~~~~~^^^^^^^^^^^^^^^^^^^^^^^
  File "/data2/jmearles/AgVFM2/experiments/scripts/experiments/phase2/run_combinations.py", line 117, in save_results
    json.dump(results, f, indent=2)
    ~~~~~~~~~^^^^^^^^^^^^^^^^^^^^^^
  File "/data/apps/conda/jmearles/envs/agvfm/lib/python3.14/json/__init__.py", line 181, in dump
    for chunk in iterable:
                 ^^^^^^^^
  File "/data/apps/conda/jmearles/envs/agvfm/lib/python3.14/json/encoder.py", line 444, in _iterencode
    yield from _iterencode_dict(o, _current_indent_level)
  File "/data/apps/conda/jmearles/envs/agvfm/lib/python3.14/json/encoder.py", line 413, in _iterencode_dict
    yield from chunks
  File "/data/apps/conda/jmearles/envs/agvfm/lib/python3.14/json/encoder.py", line 413, in _iterencode_dict
    yield from chunks
  File "/data/apps/conda/jmearles/envs/agvfm/lib/python3.14/json/encoder.py", line 413, in _iterencode_dict
    yield from chunks
  [Previous line repeated 2 more times]
  File "/data/apps/conda/jmearles/envs/agvfm/lib/python3.14/json/encoder.py", line 451, in _iterencode
    newobj = _default(o)
  File "/data/apps/conda/jmearles/envs/agvfm/lib/python3.14/json/encoder.py", line 182, in default
    raise TypeError(f'Object of type {o.__class__.__name__} '
                    f'is not JSON serializable')
TypeError: Object of type int64 is not JSON serializable
when serializing dict item 'total_fn'
when serializing dict item 'iou_0.3'
when serializing dict item 'metrics_by_iou'
when serializing dict item 'C3'
when serializing dict item 'results'

[3/13] Testing: C_color_anatomy
  Prompt: a yellow flower with open petals
  Description: Color + Anatomy

Evaluating prompt: a yellow flower with open petals
  Using batch size: 15
  Processing batch 10 (150/158)...
  Processing batch 11 (158/158)...
  ✗ Error: Object of type int64 is not JSON serializable
Traceback (most recent call last):
  File "/data2/jmearles/AgVFM2/experiments/scripts/experiments/phase2/run_combinations.py", line 168, in run_combinations
    save_results(results_file, results)
    ~~~~~~~~~~~~^^^^^^^^^^^^^^^^^^^^^^^
  File "/data2/jmearles/AgVFM2/experiments/scripts/experiments/phase2/run_combinations.py", line 117, in save_results
    json.dump(results, f, indent=2)
    ~~~~~~~~~^^^^^^^^^^^^^^^^^^^^^^
  File "/data/apps/conda/jmearles/envs/agvfm/lib/python3.14/json/__init__.py", line 181, in dump
    for chunk in iterable:
                 ^^^^^^^^
  File "/data/apps/conda/jmearles/envs/agvfm/lib/python3.14/json/encoder.py", line 444, in _iterencode
    yield from _iterencode_dict(o, _current_indent_level)
  File "/data/apps/conda/jmearles/envs/agvfm/lib/python3.14/json/encoder.py", line 413, in _iterencode_dict
    yield from chunks
  File "/data/apps/conda/jmearles/envs/agvfm/lib/python3.14/json/encoder.py", line 413, in _iterencode_dict
    yield from chunks
  File "/data/apps/conda/jmearles/envs/agvfm/lib/python3.14/json/encoder.py", line 413, in _iterencode_dict
    yield from chunks
  [Previous line repeated 2 more times]
  File "/data/apps/conda/jmearles/envs/agvfm/lib/python3.14/json/encoder.py", line 451, in _iterencode
    newobj = _default(o)
  File "/data/apps/conda/jmearles/envs/agvfm/lib/python3.14/json/encoder.py", line 182, in default
    raise TypeError(f'Object of type {o.__class__.__name__} '
                    f'is not JSON serializable')
TypeError: Object of type int64 is not JSON serializable
when serializing dict item 'total_fn'
when serializing dict item 'iou_0.3'
when serializing dict item 'metrics_by_iou'
when serializing dict item 'C3'
when serializing dict item 'results'

[4/13] Testing: C_color_grammar
  Prompt: a single yellow flower
  Description: Color + Grammar

Evaluating prompt: a single yellow flower
  Using batch size: 15
  Processing batch 10 (150/158)...
  Processing batch 11 (158/158)...
  ✗ Error: Object of type int64 is not JSON serializable
Traceback (most recent call last):
  File "/data2/jmearles/AgVFM2/experiments/scripts/experiments/phase2/run_combinations.py", line 168, in run_combinations
    save_results(results_file, results)
    ~~~~~~~~~~~~^^^^^^^^^^^^^^^^^^^^^^^
  File "/data2/jmearles/AgVFM2/experiments/scripts/experiments/phase2/run_combinations.py", line 117, in save_results
    json.dump(results, f, indent=2)
    ~~~~~~~~~^^^^^^^^^^^^^^^^^^^^^^
  File "/data/apps/conda/jmearles/envs/agvfm/lib/python3.14/json/__init__.py", line 181, in dump
    for chunk in iterable:
                 ^^^^^^^^
  File "/data/apps/conda/jmearles/envs/agvfm/lib/python3.14/json/encoder.py", line 444, in _iterencode
    yield from _iterencode_dict(o, _current_indent_level)
  File "/data/apps/conda/jmearles/envs/agvfm/lib/python3.14/json/encoder.py", line 413, in _iterencode_dict
    yield from chunks
  File "/data/apps/conda/jmearles/envs/agvfm/lib/python3.14/json/encoder.py", line 413, in _iterencode_dict
    yield from chunks
  File "/data/apps/conda/jmearles/envs/agvfm/lib/python3.14/json/encoder.py", line 413, in _iterencode_dict
    yield from chunks
  [Previous line repeated 2 more times]
  File "/data/apps/conda/jmearles/envs/agvfm/lib/python3.14/json/encoder.py", line 451, in _iterencode
    newobj = _default(o)
  File "/data/apps/conda/jmearles/envs/agvfm/lib/python3.14/json/encoder.py", line 182, in default
    raise TypeError(f'Object of type {o.__class__.__name__} '
                    f'is not JSON serializable')
TypeError: Object of type int64 is not JSON serializable
when serializing dict item 'total_fn'
when serializing dict item 'iou_0.3'
when serializing dict item 'metrics_by_iou'
when serializing dict item 'C3'
when serializing dict item 'results'

[5/13] Testing: C_taxonomy_anatomy
  Prompt: a cowpea flower with open petals
  Description: Taxonomy + Anatomy

Evaluating prompt: a cowpea flower with open petals
  Using batch size: 15
  Processing batch 10 (150/158)...
  Processing batch 11 (158/158)...
  ✗ Error: Object of type int64 is not JSON serializable
Traceback (most recent call last):
  File "/data2/jmearles/AgVFM2/experiments/scripts/experiments/phase2/run_combinations.py", line 168, in run_combinations
    save_results(results_file, results)
    ~~~~~~~~~~~~^^^^^^^^^^^^^^^^^^^^^^^
  File "/data2/jmearles/AgVFM2/experiments/scripts/experiments/phase2/run_combinations.py", line 117, in save_results
    json.dump(results, f, indent=2)
    ~~~~~~~~~^^^^^^^^^^^^^^^^^^^^^^
  File "/data/apps/conda/jmearles/envs/agvfm/lib/python3.14/json/__init__.py", line 181, in dump
    for chunk in iterable:
                 ^^^^^^^^
  File "/data/apps/conda/jmearles/envs/agvfm/lib/python3.14/json/encoder.py", line 444, in _iterencode
    yield from _iterencode_dict(o, _current_indent_level)
  File "/data/apps/conda/jmearles/envs/agvfm/lib/python3.14/json/encoder.py", line 413, in _iterencode_dict
    yield from chunks
  File "/data/apps/conda/jmearles/envs/agvfm/lib/python3.14/json/encoder.py", line 413, in _iterencode_dict
    yield from chunks
  File "/data/apps/conda/jmearles/envs/agvfm/lib/python3.14/json/encoder.py", line 413, in _iterencode_dict
    yield from chunks
  [Previous line repeated 2 more times]
  File "/data/apps/conda/jmearles/envs/agvfm/lib/python3.14/json/encoder.py", line 451, in _iterencode
    newobj = _default(o)
  File "/data/apps/conda/jmearles/envs/agvfm/lib/python3.14/json/encoder.py", line 182, in default
    raise TypeError(f'Object of type {o.__class__.__name__} '
                    f'is not JSON serializable')
TypeError: Object of type int64 is not JSON serializable
when serializing dict item 'total_fn'
when serializing dict item 'iou_0.3'
when serializing dict item 'metrics_by_iou'
when serializing dict item 'C3'
when serializing dict item 'results'

[6/13] Testing: C_taxonomy_grammar
  Prompt: a single cowpea flower
  Description: Taxonomy + Grammar

Evaluating prompt: a single cowpea flower
  Using batch size: 15
  Processing batch 10 (150/158)...
  Processing batch 11 (158/158)...
  ✗ Error: Object of type int64 is not JSON serializable
Traceback (most recent call last):
  File "/data2/jmearles/AgVFM2/experiments/scripts/experiments/phase2/run_combinations.py", line 168, in run_combinations
    save_results(results_file, results)
    ~~~~~~~~~~~~^^^^^^^^^^^^^^^^^^^^^^^
  File "/data2/jmearles/AgVFM2/experiments/scripts/experiments/phase2/run_combinations.py", line 117, in save_results
    json.dump(results, f, indent=2)
    ~~~~~~~~~^^^^^^^^^^^^^^^^^^^^^^
  File "/data/apps/conda/jmearles/envs/agvfm/lib/python3.14/json/__init__.py", line 181, in dump
    for chunk in iterable:
                 ^^^^^^^^
  File "/data/apps/conda/jmearles/envs/agvfm/lib/python3.14/json/encoder.py", line 444, in _iterencode
    yield from _iterencode_dict(o, _current_indent_level)
  File "/data/apps/conda/jmearles/envs/agvfm/lib/python3.14/json/encoder.py", line 413, in _iterencode_dict
    yield from chunks
  File "/data/apps/conda/jmearles/envs/agvfm/lib/python3.14/json/encoder.py", line 413, in _iterencode_dict
    yield from chunks
  File "/data/apps/conda/jmearles/envs/agvfm/lib/python3.14/json/encoder.py", line 413, in _iterencode_dict
    yield from chunks
  [Previous line repeated 2 more times]
  File "/data/apps/conda/jmearles/envs/agvfm/lib/python3.14/json/encoder.py", line 451, in _iterencode
    newobj = _default(o)
  File "/data/apps/conda/jmearles/envs/agvfm/lib/python3.14/json/encoder.py", line 182, in default
    raise TypeError(f'Object of type {o.__class__.__name__} '
                    f'is not JSON serializable')
TypeError: Object of type int64 is not JSON serializable
when serializing dict item 'total_fn'
when serializing dict item 'iou_0.3'
when serializing dict item 'metrics_by_iou'
when serializing dict item 'C3'
when serializing dict item 'results'

[7/13] Testing: C_anatomy_grammar
  Prompt: a single flower with open petals
  Description: Anatomy + Grammar

Evaluating prompt: a single flower with open petals
  Using batch size: 15
  Processing batch 10 (150/158)...
  Processing batch 11 (158/158)...
  ✗ Error: Object of type int64 is not JSON serializable
Traceback (most recent call last):
  File "/data2/jmearles/AgVFM2/experiments/scripts/experiments/phase2/run_combinations.py", line 168, in run_combinations
    save_results(results_file, results)
    ~~~~~~~~~~~~^^^^^^^^^^^^^^^^^^^^^^^
  File "/data2/jmearles/AgVFM2/experiments/scripts/experiments/phase2/run_combinations.py", line 117, in save_results
    json.dump(results, f, indent=2)
    ~~~~~~~~~^^^^^^^^^^^^^^^^^^^^^^
  File "/data/apps/conda/jmearles/envs/agvfm/lib/python3.14/json/__init__.py", line 181, in dump
    for chunk in iterable:
                 ^^^^^^^^
  File "/data/apps/conda/jmearles/envs/agvfm/lib/python3.14/json/encoder.py", line 444, in _iterencode
    yield from _iterencode_dict(o, _current_indent_level)
  File "/data/apps/conda/jmearles/envs/agvfm/lib/python3.14/json/encoder.py", line 413, in _iterencode_dict
    yield from chunks
  File "/data/apps/conda/jmearles/envs/agvfm/lib/python3.14/json/encoder.py", line 413, in _iterencode_dict
    yield from chunks
  File "/data/apps/conda/jmearles/envs/agvfm/lib/python3.14/json/encoder.py", line 413, in _iterencode_dict
    yield from chunks
  [Previous line repeated 2 more times]
  File "/data/apps/conda/jmearles/envs/agvfm/lib/python3.14/json/encoder.py", line 451, in _iterencode
    newobj = _default(o)
  File "/data/apps/conda/jmearles/envs/agvfm/lib/python3.14/json/encoder.py", line 182, in default
    raise TypeError(f'Object of type {o.__class__.__name__} '
                    f'is not JSON serializable')
TypeError: Object of type int64 is not JSON serializable
when serializing dict item 'total_fn'
when serializing dict item 'iou_0.3'
when serializing dict item 'metrics_by_iou'
when serializing dict item 'C3'
when serializing dict item 'results'

[8/13] Testing: C_color_taxonomy_anatomy
  Prompt: a yellow cowpea flower with open petals
  Description: Color + Taxonomy + Anatomy

Evaluating prompt: a yellow cowpea flower with open petals
  Using batch size: 15
