📊 Processing 158 images

🔧 Loading yolo_world model...
   Model loaded in 0.34s

📝 Encoding text prompts...
   Text encoding: 6.77s
   Target prompts: 5
   Hard negatives: 18

🔄 Processing images...
   Config: conf_floor=0.01, K_bg=128, q_fdr=0.3, method=bh_fdr
   [5/158] Davis_202207254133_2_26_camA-1658783663089934873_MAGIC174_T02_jpg.rf.4b531bd0dfe9e1e1e74af603d461ed57.jpg: 18 candidates → 14 kept (1.6s)
   [10/158] Davis_202207254133_2_3_camA-1658783737339934857_MAGIC187_T05_jpg.rf.249ac5f92c75de13bc580d6c039d3be0.jpg: 13 candidates → 8 kept (1.5s)
   [15/158] Davis_202207254133_3_19_camA-1658783808089934873_MAGIC201_T05_jpg.rf.29556b3c7be5dddd23c986d07f733633.jpg: 20 candidates → 14 kept (1.4s)
   [20/158] Davis_202207254133_3_8_camA-1658783786464934873_MAGIC162_T04_jpg.rf.d0b0662935b99e5f864e5f3ede87bbbf.jpg: 13 candidates → 5 kept (1.6s)
   [25/158] Davis_202207254133_5_29_camA-1658784075089934873_MAGIC260_T03_jpg.rf.4380c65e889604e524556cc97182c810.jpg: 35 candidates → 19 kept (1.8s)
   [30/158] Davis_202207294133_2_12_camA-1659118993964934870_MAGIC240_T05_jpg.rf.d12b6f154000b91d06caaba27ecae6ea.jpg: 4 candidates → 0 kept (0.2s)
   [35/158] Davis_202207294133_2_24_camA-1659118934964934870_MAGIC231_T00_jpg.rf.9c623df1afdafd3d0944bc29ebfb60fc.jpg: 27 candidates → 21 kept (19.3s)
   [40/158] Davis_202207294133_2_26_camA-1659118920214934886_MAGIC266_T05_jpg.rf.d129c9b0c656315806ffee02d59815b8.jpg: 11 candidates → 9 kept (20.6s)
   [45/158] Davis_202207294133_2_9_camA-1659119006589934870_MAGIC242_T02_jpg.rf.1fa40ac9c67bc70de2c6865215eb8d8b.jpg: 26 candidates → 16 kept (23.6s)
   [50/158] Davis_202207294133_5_16_camA-1659119722214934870_MAGIC187_T03_jpg.rf.597e5eae222efb7315fca39dd4c1b4ff.jpg: 32 candidates → 22 kept (24.5s)
   [55/158] Davis_202207294133_5_29_camA-1659119744839934870_MAGIC260_T00_jpg.rf.a8770e4f8ca7d3c717bc4759f56ce358.jpg: 69 candidates → 0 kept (29.2s)
   [60/158] Davis_202207294133_9_13_camA-1659120435714934870_MAGIC232_T01_jpg.rf.9593bb4e2cf6a6b86a867af8245a11b7.jpg: 35 candidates → 29 kept (24.8s)
   [65/158] Davis_202207294133_9_15_camA-1659120428589934870_MAGIC250_T01_jpg.rf.b095c39184b03abab6da4f7caad92823.jpg: 31 candidates → 28 kept (28.9s)
   [70/158] Davis_202207294133_9_29_camA-1659120448714934870_MAGIC244_T04_jpg.rf.41ec2fd7134d436d6d67f8166b62a248.jpg: 22 candidates → 13 kept (22.4s)
   [75/158] Kearney_202208094146_10_184_camA-1660071968714934876_MAGIC206_T09_jpg.rf.5e9c137faeb36441f292885ccc2153e9.jpg: 7 candidates → 0 kept (1.2s)
   [80/158] Kearney_202208094146_10_290_camA-1660071979839934876_MAGIC154_T06_jpg.rf.dd2612dbb026184394e70846f5aaa7e7.jpg: 23 candidates → 20 kept (23.2s)
   [85/158] Kearney_202208094146_11_321_camA-1660072074964934860_MAGIC263_T05_jpg.rf.3946128e16bd61b47be06c1ae1ba8944.jpg: 11 candidates → 6 kept (21.9s)
   [90/158] Kearney_202208094146_12_325_camA-1660072181464934876_MAGIC187_T07_jpg.rf.d4384ea3b843488e7026c9c2c33bd46a.jpg: 12 candidates → 9 kept (22.8s)
   [95/158] Kearney_202208094146_13_102_camA-1660072401089934892_MAGIC259_T10_jpg.rf.8bafd748fd931091f9a2edae695eeb0a.jpg: 17 candidates → 0 kept (21.9s)
   [100/158] Kearney_202208094146_17_111_camA-1660072871964934876_MAGIC153_T02_jpg.rf.6fc2d5ce448347e067b6d3cd63e529dd.jpg: 20 candidates → 17 kept (22.7s)
   [105/158] Kearney_202208094146_17_126_camA-1660072890339934876_MAGIC232_T11_jpg.rf.572be0846f1d3f468b9de1bd23741d10.jpg: 16 candidates → 11 kept (22.3s)
   [110/158] Kearney_202208094146_18_494_camA-1660072985589934876_MAGIC231_T00_jpg.rf.d0ecd612ed92b6f1cdc75a439bf1b127.jpg: 14 candidates → 5 kept (22.2s)
   [115/158] Kearney_202208094146_19_193_camA-1660073086339934860_MAGIC202_T06_jpg.rf.757c39becdaf9adc1734c1d08b4787fd.jpg: 13 candidates → 0 kept (21.2s)
   [120/158] Kearney_202208094146_23_170_camA-1660073605714934860_MAGIC262_T02_jpg.rf.94b9c1b76094357592e2f51b7005fa7a.jpg: 22 candidates → 15 kept (23.3s)
   [125/158] Kearney_202208094146_24_735_camA-1660073702214934876_MAGIC242_T00_jpg.rf.47dd47050dcd5d5321ea6c326f276c79.jpg: 13 candidates → 9 kept (22.0s)
   [130/158] Kearney_202208094146_4_28_camA-1660071385839934876_MAGIC191_T00_jpg.rf.40e68f4fb860375b36e5a0797affca5c.jpg: 15 candidates → 14 kept (22.6s)
   [135/158] Kearney_202208094146_6_180_camA-1660071582839934876_MAGIC266_T05_jpg.rf.6c71237a5f3d8c2087327cde2b4edf9a.jpg: 12 candidates → 4 kept (21.1s)
   [140/158] Kearney_202208094146_6_98_camA-1660071595964934860_MAGIC188_T01_jpg.rf.695bf0ea7c6f111ed83ac123cb330cb5.jpg: 9 candidates → 0 kept (2.0s)
   [145/158] Kearney_202208094146_8_232_camA-1660071748589934876_MAGIC185_T02_jpg.rf.babc9a0b321921f5016184fee89f533d.jpg: 29 candidates → 26 kept (24.0s)
   [150/158] Kearney_202208094146_8_83_camA-1660071778339934892_MAGIC247_T06_jpg.rf.6bc42473111b9ee2def3ad546570e064.jpg: 14 candidates → 13 kept (21.2s)
   [155/158] Kearney_202208094146_9_30_camA-1660071873839934860_MAGIC154_T00_jpg.rf.64268b5b5f208187927953851a976e1b.jpg: 16 candidates → 11 kept (22.5s)

✅ Processing complete!
   Total time: 2649.3s (44.2 minutes)
   Time per image: 16.77s
   Total candidates: 3005
   Total kept: 1852
   Average kept per image: 11.72

💾 Results saved to: experiments/results/phase5_semantic_filtering/results/semantic_filtering_results_q0.3_full.json

📈 Summary Statistics:
   Candidates per image: mean=19.0, median=17.0, max=71
   Kept per image: mean=11.7, median=11.0, max=35
   Images with 0 detections: 25/158 (15.8%)
