Confidence threshold range: 0.05 to 0.90 (step: 0.05)
Total thresholds: 18
Loaded 158 images from /data2/jmearles/AgVFM2/_data/T4_REAL_FLOWER_SOBJ.v18-train_2023_test_location_genotype/test/images

Using full test set: 178 images (test: 158, dev: 20)
2026-02-19 11:11:13,539 - agvfm.utils.logging - INFO - Logging to /data2/jmearles/AgVFM2/experiments/results/phase3_confidence_sweeps/logs/yolo-world_confidence_sweep_20260219_111113.log
2026-02-19 11:11:13,539 - agvfm.utils.logging - INFO - ======================================================================
2026-02-19 11:11:13,539 - agvfm.utils.logging - INFO - Starting experiment: Phase 3: yolo_world
2026-02-19 11:11:13,539 - agvfm.utils.logging - INFO - ======================================================================
2026-02-19 11:11:13,539 - agvfm.utils.logging - INFO - Configuration:
2026-02-19 11:11:13,539 - agvfm.utils.logging - INFO -   model: yolo_world
2026-02-19 11:11:13,539 - agvfm.utils.logging - INFO -   conf_thresholds: [0.05, 0.1, 0.15, 0.2, 0.25, 0.3, 0.35, 0.4, 0.45, 0.5, 0.55, 0.6, 0.65, 0.7, 0.75, 0.8, 0.85, 0.9]
2026-02-19 11:11:13,539 - agvfm.utils.logging - INFO -   n_configs: 3
2026-02-19 11:11:13,539 - agvfm.utils.logging - INFO - ======================================================================

================================================================================
Phase 3: Confidence Threshold Analysis - yolo_world
================================================================================
Total configs: 3
Confidence thresholds: 18 values
Results file: /data2/jmearles/AgVFM2/experiments/results/phase3_confidence_sweeps/yolo_world_confidence_sweeps.json
Resume: True

[1/3] Processing: C2_not_bud_calyx

================================================================================
Running Confidence Sweep: yolo_world - C2_not_bud_calyx
================================================================================
Prompt: a single yellow cowpea flower with open petals, not a bud, not the green calyx
Description: YOLO World #1: Partial negation (bud+calyx) - mAP@0.5: 0.4123
Confidence thresholds: 18 values (0.05 to 0.90)

Evaluating at conf_threshold=0.05...

Evaluating prompt: a single yellow cowpea flower with open petals, not a bud, not the green calyx
  Using batch size: 15
  Processing batch 10 (150/178)...
  Processing batch 12 (178/178)...

Evaluating at conf_threshold=0.1...

Evaluating prompt: a single yellow cowpea flower with open petals, not a bud, not the green calyx
  Using batch size: 15
  Processing batch 10 (150/178)...
  Processing batch 12 (178/178)...

Evaluating at conf_threshold=0.15...

Evaluating prompt: a single yellow cowpea flower with open petals, not a bud, not the green calyx
  Using batch size: 15
  Processing batch 10 (150/178)...
  Processing batch 12 (178/178)...

Evaluating at conf_threshold=0.2...

Evaluating prompt: a single yellow cowpea flower with open petals, not a bud, not the green calyx
  Using batch size: 15
  Processing batch 10 (150/178)...
  Processing batch 12 (178/178)...

Evaluating at conf_threshold=0.25...

Evaluating prompt: a single yellow cowpea flower with open petals, not a bud, not the green calyx
  Using batch size: 15
  Processing batch 10 (150/178)...
  Processing batch 12 (178/178)...

Evaluating at conf_threshold=0.3...

Evaluating prompt: a single yellow cowpea flower with open petals, not a bud, not the green calyx
  Using batch size: 15
  Processing batch 10 (150/178)...
  Processing batch 12 (178/178)...

Evaluating at conf_threshold=0.35...

Evaluating prompt: a single yellow cowpea flower with open petals, not a bud, not the green calyx
  Using batch size: 15
  Processing batch 10 (150/178)...
  Processing batch 12 (178/178)...

Evaluating at conf_threshold=0.4...

Evaluating prompt: a single yellow cowpea flower with open petals, not a bud, not the green calyx
  Using batch size: 15
  Processing batch 10 (150/178)...
  Processing batch 12 (178/178)...

Evaluating at conf_threshold=0.45...

Evaluating prompt: a single yellow cowpea flower with open petals, not a bud, not the green calyx
  Using batch size: 15
  Processing batch 10 (150/178)...
  Processing batch 12 (178/178)...

Evaluating at conf_threshold=0.5...

Evaluating prompt: a single yellow cowpea flower with open petals, not a bud, not the green calyx
  Using batch size: 15
  Processing batch 10 (150/178)...
  Processing batch 12 (178/178)...

Evaluating at conf_threshold=0.55...

Evaluating prompt: a single yellow cowpea flower with open petals, not a bud, not the green calyx
  Using batch size: 15
  Processing batch 10 (150/178)...
  Processing batch 12 (178/178)...

Evaluating at conf_threshold=0.6...

Evaluating prompt: a single yellow cowpea flower with open petals, not a bud, not the green calyx
  Using batch size: 15
  Processing batch 10 (150/178)...
  Processing batch 12 (178/178)...

Evaluating at conf_threshold=0.65...

Evaluating prompt: a single yellow cowpea flower with open petals, not a bud, not the green calyx
  Using batch size: 15
  Processing batch 10 (150/178)...
  Processing batch 12 (178/178)...

Evaluating at conf_threshold=0.7...

Evaluating prompt: a single yellow cowpea flower with open petals, not a bud, not the green calyx
  Using batch size: 15
  Processing batch 10 (150/178)...
  Processing batch 12 (178/178)...

Evaluating at conf_threshold=0.75...

Evaluating prompt: a single yellow cowpea flower with open petals, not a bud, not the green calyx
  Using batch size: 15
  Processing batch 10 (150/178)...
  Processing batch 12 (178/178)...

Evaluating at conf_threshold=0.8...

Evaluating prompt: a single yellow cowpea flower with open petals, not a bud, not the green calyx
  Using batch size: 15
  Processing batch 10 (150/178)...
  Processing batch 12 (178/178)...

Evaluating at conf_threshold=0.85...

Evaluating prompt: a single yellow cowpea flower with open petals, not a bud, not the green calyx
  Using batch size: 15
  Processing batch 10 (150/178)...
  Processing batch 12 (178/178)...

Evaluating at conf_threshold=0.9...

Evaluating prompt: a single yellow cowpea flower with open petals, not a bud, not the green calyx
  Using batch size: 15
  Processing batch 10 (150/178)...
  Processing batch 12 (178/178)...

✅ Confidence sweep complete for C2_not_bud_calyx
   💾 Saved to /data2/jmearles/AgVFM2/experiments/results/phase3_confidence_sweeps/yolo_world_confidence_sweeps.json

   Performance at key thresholds:

[2/3] Processing: C1

================================================================================
Running Confidence Sweep: yolo_world - C1
================================================================================
Prompt: a single yellow cowpea flower with open petals, not a bud, not the green calyx, not a leaf
Description: YOLO World #2: Full negation - mAP@0.5: 0.3830
Confidence thresholds: 18 values (0.05 to 0.90)

Evaluating at conf_threshold=0.05...

Evaluating prompt: a single yellow cowpea flower with open petals, not a bud, not the green calyx, not a leaf
  Using batch size: 15
  Processing batch 10 (150/178)...
  Processing batch 12 (178/178)...

Evaluating at conf_threshold=0.1...

Evaluating prompt: a single yellow cowpea flower with open petals, not a bud, not the green calyx, not a leaf
  Using batch size: 15
  Processing batch 10 (150/178)...
  Processing batch 12 (178/178)...

Evaluating at conf_threshold=0.15...

Evaluating prompt: a single yellow cowpea flower with open petals, not a bud, not the green calyx, not a leaf
  Using batch size: 15
  Processing batch 10 (150/178)...
  Processing batch 12 (178/178)...

Evaluating at conf_threshold=0.2...

Evaluating prompt: a single yellow cowpea flower with open petals, not a bud, not the green calyx, not a leaf
  Using batch size: 15
  Processing batch 10 (150/178)...
  Processing batch 12 (178/178)...

Evaluating at conf_threshold=0.25...

Evaluating prompt: a single yellow cowpea flower with open petals, not a bud, not the green calyx, not a leaf
  Using batch size: 15
  Processing batch 10 (150/178)...
  Processing batch 12 (178/178)...

Evaluating at conf_threshold=0.3...

Evaluating prompt: a single yellow cowpea flower with open petals, not a bud, not the green calyx, not a leaf
  Using batch size: 15
  Processing batch 10 (150/178)...
  Processing batch 12 (178/178)...

Evaluating at conf_threshold=0.35...

Evaluating prompt: a single yellow cowpea flower with open petals, not a bud, not the green calyx, not a leaf
  Using batch size: 15
  Processing batch 10 (150/178)...
  Processing batch 12 (178/178)...

Evaluating at conf_threshold=0.4...

Evaluating prompt: a single yellow cowpea flower with open petals, not a bud, not the green calyx, not a leaf
  Using batch size: 15
  Processing batch 10 (150/178)...
  Processing batch 12 (178/178)...

Evaluating at conf_threshold=0.45...

Evaluating prompt: a single yellow cowpea flower with open petals, not a bud, not the green calyx, not a leaf
  Using batch size: 15
  Processing batch 10 (150/178)...
  Processing batch 12 (178/178)...

Evaluating at conf_threshold=0.5...

Evaluating prompt: a single yellow cowpea flower with open petals, not a bud, not the green calyx, not a leaf
  Using batch size: 15
  Processing batch 10 (150/178)...
  Processing batch 12 (178/178)...

Evaluating at conf_threshold=0.55...

Evaluating prompt: a single yellow cowpea flower with open petals, not a bud, not the green calyx, not a leaf
  Using batch size: 15
  Processing batch 10 (150/178)...
  Processing batch 12 (178/178)...

Evaluating at conf_threshold=0.6...

Evaluating prompt: a single yellow cowpea flower with open petals, not a bud, not the green calyx, not a leaf
  Using batch size: 15
  Processing batch 10 (150/178)...
  Processing batch 12 (178/178)...

Evaluating at conf_threshold=0.65...

Evaluating prompt: a single yellow cowpea flower with open petals, not a bud, not the green calyx, not a leaf
  Using batch size: 15
  Processing batch 10 (150/178)...
  Processing batch 12 (178/178)...

Evaluating at conf_threshold=0.7...

Evaluating prompt: a single yellow cowpea flower with open petals, not a bud, not the green calyx, not a leaf
  Using batch size: 15
  Processing batch 10 (150/178)...
  Processing batch 12 (178/178)...

Evaluating at conf_threshold=0.75...

Evaluating prompt: a single yellow cowpea flower with open petals, not a bud, not the green calyx, not a leaf
  Using batch size: 15
  Processing batch 10 (150/178)...
  Processing batch 12 (178/178)...

Evaluating at conf_threshold=0.8...

Evaluating prompt: a single yellow cowpea flower with open petals, not a bud, not the green calyx, not a leaf
  Using batch size: 15
  Processing batch 10 (150/178)...
  Processing batch 12 (178/178)...

Evaluating at conf_threshold=0.85...

Evaluating prompt: a single yellow cowpea flower with open petals, not a bud, not the green calyx, not a leaf
  Using batch size: 15
  Processing batch 10 (150/178)...
  Processing batch 12 (178/178)...

Evaluating at conf_threshold=0.9...

Evaluating prompt: a single yellow cowpea flower with open petals, not a bud, not the green calyx, not a leaf
  Using batch size: 15
  Processing batch 10 (150/178)...
  Processing batch 12 (178/178)...

✅ Confidence sweep complete for C1
   💾 Saved to /data2/jmearles/AgVFM2/experiments/results/phase3_confidence_sweeps/yolo_world_confidence_sweeps.json

   Performance at key thresholds:

[3/3] Processing: C2_not_calyx

================================================================================
Running Confidence Sweep: yolo_world - C2_not_calyx
================================================================================
Prompt: a single yellow cowpea flower with open petals, not the green calyx
Description: YOLO World #3: Single negation (calyx) - mAP@0.5: 0.3807
Confidence thresholds: 18 values (0.05 to 0.90)

Evaluating at conf_threshold=0.05...

Evaluating prompt: a single yellow cowpea flower with open petals, not the green calyx
  Using batch size: 15
  Processing batch 10 (150/178)...
  Processing batch 12 (178/178)...

Evaluating at conf_threshold=0.1...

Evaluating prompt: a single yellow cowpea flower with open petals, not the green calyx
  Using batch size: 15
  Processing batch 10 (150/178)...
  Processing batch 12 (178/178)...

Evaluating at conf_threshold=0.15...

Evaluating prompt: a single yellow cowpea flower with open petals, not the green calyx
  Using batch size: 15
  Processing batch 10 (150/178)...
  Processing batch 12 (178/178)...

Evaluating at conf_threshold=0.2...

Evaluating prompt: a single yellow cowpea flower with open petals, not the green calyx
  Using batch size: 15
  Processing batch 10 (150/178)...
  Processing batch 12 (178/178)...

Evaluating at conf_threshold=0.25...

Evaluating prompt: a single yellow cowpea flower with open petals, not the green calyx
  Using batch size: 15
  Processing batch 10 (150/178)...
  Processing batch 12 (178/178)...

Evaluating at conf_threshold=0.3...

Evaluating prompt: a single yellow cowpea flower with open petals, not the green calyx
  Using batch size: 15
  Processing batch 10 (150/178)...
  Processing batch 12 (178/178)...

Evaluating at conf_threshold=0.35...

Evaluating prompt: a single yellow cowpea flower with open petals, not the green calyx
  Using batch size: 15
  Processing batch 10 (150/178)...
  Processing batch 12 (178/178)...

Evaluating at conf_threshold=0.4...

Evaluating prompt: a single yellow cowpea flower with open petals, not the green calyx
  Using batch size: 15
  Processing batch 10 (150/178)...
  Processing batch 12 (178/178)...

Evaluating at conf_threshold=0.45...

Evaluating prompt: a single yellow cowpea flower with open petals, not the green calyx
  Using batch size: 15
  Processing batch 10 (150/178)...
  Processing batch 12 (178/178)...

Evaluating at conf_threshold=0.5...

Evaluating prompt: a single yellow cowpea flower with open petals, not the green calyx
  Using batch size: 15
  Processing batch 10 (150/178)...
  Processing batch 12 (178/178)...

Evaluating at conf_threshold=0.55...

Evaluating prompt: a single yellow cowpea flower with open petals, not the green calyx
  Using batch size: 15
  Processing batch 10 (150/178)...
  Processing batch 12 (178/178)...

Evaluating at conf_threshold=0.6...

Evaluating prompt: a single yellow cowpea flower with open petals, not the green calyx
  Using batch size: 15
  Processing batch 10 (150/178)...
  Processing batch 12 (178/178)...

Evaluating at conf_threshold=0.65...

Evaluating prompt: a single yellow cowpea flower with open petals, not the green calyx
  Using batch size: 15
  Processing batch 10 (150/178)...
  Processing batch 12 (178/178)...

Evaluating at conf_threshold=0.7...

Evaluating prompt: a single yellow cowpea flower with open petals, not the green calyx
  Using batch size: 15
  Processing batch 10 (150/178)...
  Processing batch 12 (178/178)...

Evaluating at conf_threshold=0.75...

Evaluating prompt: a single yellow cowpea flower with open petals, not the green calyx
  Using batch size: 15
  Processing batch 10 (150/178)...
  Processing batch 12 (178/178)...

Evaluating at conf_threshold=0.8...

Evaluating prompt: a single yellow cowpea flower with open petals, not the green calyx
  Using batch size: 15
  Processing batch 10 (150/178)...
  Processing batch 12 (178/178)...

Evaluating at conf_threshold=0.85...

Evaluating prompt: a single yellow cowpea flower with open petals, not the green calyx
  Using batch size: 15
  Processing batch 10 (150/178)...
  Processing batch 12 (178/178)...

Evaluating at conf_threshold=0.9...

Evaluating prompt: a single yellow cowpea flower with open petals, not the green calyx
  Using batch size: 15
  Processing batch 10 (150/178)...
  Processing batch 12 (178/178)...

✅ Confidence sweep complete for C2_not_calyx
   💾 Saved to /data2/jmearles/AgVFM2/experiments/results/phase3_confidence_sweeps/yolo_world_confidence_sweeps.json

   Performance at key thresholds:
Traceback (most recent call last):
  File "/data2/jmearles/AgVFM2/experiments/scripts/experiments/phase3/run_confidence_sweeps.py", line 413, in <module>
    dev_images = [dev_images_dir / name for name in dev_image_names if (dev_images_dir / name).exists()]
    
  File "/data2/jmearles/AgVFM2/experiments/scripts/experiments/phase3/run_confidence_sweeps.py", line 397, in main
    # Set up evaluator
    ^^^^^^^^^^^^^^^^^^
    ...<2 lines>...
        images_dir=data_paths["images_dir"],
    
TypeError: log_experiment_complete() got an unexpected keyword argument 'results_path'. Did you mean 'results_file'?
