2026-02-19 10:23:45,454 - agvfm.utils.logging - INFO - Logging to /data2/jmearles/AgVFM2/experiments/results/phase2_combinations/logs/sam3_run_20260219_102345.log
2026-02-19 10:23:45,458 - agvfm.utils.logging - INFO - ======================================================================
2026-02-19 10:23:45,458 - agvfm.utils.logging - INFO - Starting experiment: Phase 2: sam3
2026-02-19 10:23:45,458 - agvfm.utils.logging - INFO - ======================================================================
2026-02-19 10:23:45,458 - agvfm.utils.logging - INFO - Configuration:
2026-02-19 10:23:45,458 - agvfm.utils.logging - INFO -   model: sam3
2026-02-19 10:23:45,458 - agvfm.utils.logging - INFO -   test_set_size: 158
2026-02-19 10:23:45,458 - agvfm.utils.logging - INFO -   full_test_set: True
2026-02-19 10:23:45,458 - agvfm.utils.logging - INFO - ======================================================================
2026-02-19 10:23:48,132 - httpx - INFO - HTTP Request: GET https://huggingface.co/api/models/facebook/sam3/tree/main/additional_chat_templates?recursive=false&expand=false "HTTP/1.1 404 Not Found"
2026-02-19 10:23:48,214 - httpx - INFO - HTTP Request: HEAD https://huggingface.co/facebook/sam3/resolve/main/processor_config.json "HTTP/1.1 200 OK"
2026-02-19 10:23:48,296 - httpx - INFO - HTTP Request: HEAD https://huggingface.co/facebook/sam3/resolve/main/chat_template.json "HTTP/1.1 404 Not Found"
2026-02-19 10:23:48,384 - httpx - INFO - HTTP Request: HEAD https://huggingface.co/facebook/sam3/resolve/main/chat_template.jinja "HTTP/1.1 404 Not Found"
2026-02-19 10:23:48,473 - httpx - INFO - HTTP Request: HEAD https://huggingface.co/facebook/sam3/resolve/main/audio_tokenizer_config.json "HTTP/1.1 404 Not Found"
2026-02-19 10:23:48,558 - httpx - INFO - HTTP Request: HEAD https://huggingface.co/facebook/sam3/resolve/main/processor_config.json "HTTP/1.1 200 OK"
2026-02-19 10:23:48,643 - httpx - INFO - HTTP Request: HEAD https://huggingface.co/facebook/sam3/resolve/main/preprocessor_config.json "HTTP/1.1 404 Not Found"
2026-02-19 10:23:48,737 - httpx - INFO - HTTP Request: HEAD https://huggingface.co/facebook/sam3/resolve/main/processor_config.json "HTTP/1.1 200 OK"
2026-02-19 10:23:48,827 - httpx - INFO - HTTP Request: HEAD https://huggingface.co/facebook/sam3/resolve/main/preprocessor_config.json "HTTP/1.1 404 Not Found"
2026-02-19 10:23:48,914 - httpx - INFO - HTTP Request: HEAD https://huggingface.co/facebook/sam3/resolve/main/config.json "HTTP/1.1 200 OK"
2026-02-19 10:23:49,018 - httpx - INFO - HTTP Request: HEAD https://huggingface.co/facebook/sam3/resolve/main/tokenizer_config.json "HTTP/1.1 200 OK"
2026-02-19 10:23:49,111 - httpx - INFO - HTTP Request: GET https://huggingface.co/api/models/facebook/sam3/tree/main/additional_chat_templates?recursive=false&expand=false "HTTP/1.1 404 Not Found"
2026-02-19 10:23:49,195 - httpx - INFO - HTTP Request: GET https://huggingface.co/api/models/facebook/sam3/tree/main?recursive=true&expand=false "HTTP/1.1 200 OK"
2026-02-19 10:23:49,984 - httpx - INFO - HTTP Request: HEAD https://huggingface.co/facebook/sam3/resolve/main/config.json "HTTP/1.1 200 OK"
2026-02-19 10:23:50,072 - httpx - INFO - HTTP Request: HEAD https://huggingface.co/facebook/sam3/resolve/main/model.safetensors "HTTP/1.1 302 Found"
2026-02-19 10:32:04,847 - agvfm.utils.logging - INFO - ======================================================================
2026-02-19 10:32:04,847 - agvfm.utils.logging - INFO - Experiment complete: Phase 2: sam3
2026-02-19 10:32:04,847 - agvfm.utils.logging - INFO - Results saved to: /data2/jmearles/AgVFM2/experiments/results/phase2_combinations/sam3_combinations.json
2026-02-19 10:32:04,847 - agvfm.utils.logging - INFO - ======================================================================
