2026-02-19 09:27:17,277 - agvfm.utils.logging - INFO - Logging to /data2/jmearles/AgVFM2/experiments/results/phase2_combinations/logs/yolo-world_run_20260219_092717.log
2026-02-19 09:27:17,280 - agvfm.utils.logging - INFO - ======================================================================
2026-02-19 09:27:17,280 - agvfm.utils.logging - INFO - Starting experiment: Phase 2: yolo_world
2026-02-19 09:27:17,281 - agvfm.utils.logging - INFO - ======================================================================
2026-02-19 09:27:17,281 - agvfm.utils.logging - INFO - Configuration:
2026-02-19 09:27:17,281 - agvfm.utils.logging - INFO -   model: yolo_world
2026-02-19 09:27:17,281 - agvfm.utils.logging - INFO -   test_set_size: 158
2026-02-19 09:27:17,281 - agvfm.utils.logging - INFO -   full_test_set: True
2026-02-19 09:27:17,281 - agvfm.utils.logging - INFO - ======================================================================
Loaded 158 images from /data2/jmearles/AgVFM2/_data/T4_REAL_FLOWER_SOBJ.v18-train_2023_test_location_genotype/test/images

================================================================================
Running Combination Tests: yolo_world
================================================================================

Total configs: 13
Already completed: 13
Remaining: 0

[1/13] Skipping C3 (already completed)
[2/13] Skipping C_color_taxonomy (already completed)
[3/13] Skipping C_color_anatomy (already completed)
[4/13] Skipping C_color_grammar (already completed)
[5/13] Skipping C_taxonomy_anatomy (already completed)
[6/13] Skipping C_taxonomy_grammar (already completed)
[7/13] Skipping C_anatomy_grammar (already completed)
[8/13] Skipping C_color_taxonomy_anatomy (already completed)
[9/13] Skipping C_color_taxonomy_grammar (already completed)
[10/13] Skipping C_color_anatomy_grammar (already completed)
[11/13] Skipping C_taxonomy_anatomy_grammar (already completed)
[12/13] Skipping C2 (already completed)
[13/13] Skipping C1 (already completed)

================================================================================
Combination Tests Complete: yolo_world
================================================================================

================================================================================
Running Absorber Architecture Tests: yolo_world
================================================================================

Total configs: 4
Already completed: 0
Remaining: 4


[1/4] Testing: H3b
  Target prompt: a single yellow cowpea flower with open petals
  Absorber classes: ['a single yellow cowpea flower with open petals', 'a cowpea flower bud', 'a green calyx']
  Target indices: [0]
  Description: Bud + calyx absorbers

Evaluating prompt: a single yellow cowpea flower with open petals
  Absorber classes: ['a single yellow cowpea flower with open petals', 'a cowpea flower bud', 'a green calyx']
  Target indices: [0]
  Using batch size: 15
  Processing 20/158...
  Processing 40/158...
  Processing 60/158...
  Processing 80/158...
  Processing 100/158...
  Processing 120/158...
  Processing 140/158...
  ✓ mAP@0.5: 0.1359, F1: 0.1752
  💾 Saved to /data2/jmearles/AgVFM2/experiments/results/phase2_combinations/yolo_world_absorbers.json
  Progress: 1/4 configurations complete

[2/4] Testing: H2a
  Target prompt: a single yellow cowpea flower with open petals
  Absorber classes: ['a single yellow cowpea flower with open petals', 'a leaf', 'a stem']
  Target indices: [0]
  Description: Leaf + stem absorbers

Evaluating prompt: a single yellow cowpea flower with open petals
  Absorber classes: ['a single yellow cowpea flower with open petals', 'a leaf', 'a stem']
  Target indices: [0]
  Using batch size: 15
  Processing 20/158...
  Processing 40/158...
  Processing 60/158...
  Processing 80/158...
  Processing 100/158...
  Processing 120/158...
  Processing 140/158...
  ✓ mAP@0.5: 0.0909, F1: 0.1438
  💾 Saved to /data2/jmearles/AgVFM2/experiments/results/phase2_combinations/yolo_world_absorbers.json
  Progress: 2/4 configurations complete

[3/4] Testing: H3c
  Target prompt: a single yellow cowpea flower with open petals
  Absorber classes: ['a single yellow cowpea flower with open petals', 'a cowpea flower bud', 'a green calyx', 'a leaf']
  Target indices: [0]
  Description: Bud + calyx + leaf absorbers

Evaluating prompt: a single yellow cowpea flower with open petals
  Absorber classes: ['a single yellow cowpea flower with open petals', 'a cowpea flower bud', 'a green calyx', 'a leaf']
  Target indices: [0]
  Using batch size: 15
  Processing 20/158...
  Processing 40/158...
  Processing 60/158...
  Processing 80/158...
  Processing 100/158...
  Processing 120/158...
  Processing 140/158...
  ✓ mAP@0.5: 0.0909, F1: 0.1310
  💾 Saved to /data2/jmearles/AgVFM2/experiments/results/phase2_combinations/yolo_world_absorbers.json
  Progress: 3/4 configurations complete

[4/4] Testing: H5
  Target prompt: a single yellow cowpea flower with open petals
  Absorber classes: ['a single yellow cowpea flower with open petals', 'a cowpea flower bud', 'a green calyx', 'a leaf', 'a stem', 'soil']
  Target indices: [0]
  Description: All absorbers (bud, calyx, leaf, stem, soil)

Evaluating prompt: a single yellow cowpea flower with open petals
  Absorber classes: ['a single yellow cowpea flower with open petals', 'a cowpea flower bud', 'a green calyx', 'a leaf', 'a stem', 'soil']
  Target indices: [0]
  Using batch size: 15
  Processing 20/158...
  Processing 40/158...
  Processing 60/158...
  Processing 80/158...
  Processing 100/158...
  Processing 120/158...
  Processing 140/158...
  ✓ mAP@0.5: 0.0909, F1: 0.1192
  💾 Saved to /data2/jmearles/AgVFM2/experiments/results/phase2_combinations/yolo_world_absorbers.json
  Progress: 4/4 configurations complete

================================================================================
Absorber Tests Complete: yolo_world
================================================================================
2026-02-19 09:28:50,946 - agvfm.utils.logging - INFO - ======================================================================
2026-02-19 09:28:50,946 - agvfm.utils.logging - INFO - Experiment complete: Phase 2: yolo_world
2026-02-19 09:28:50,946 - agvfm.utils.logging - INFO - Results saved to: /data2/jmearles/AgVFM2/experiments/results/phase2_combinations/yolo_world_combinations.json
2026-02-19 09:28:50,946 - agvfm.utils.logging - INFO - ======================================================================

================================================================================
Phase 2 Experiments Complete!
Results saved to: /data2/jmearles/AgVFM2/experiments/results/phase2_combinations
================================================================================
