2026-02-19 10:23:44,199 - agvfm.utils.logging - INFO - Logging to /data2/jmearles/AgVFM2/experiments/results/phase2_combinations/logs/yolo-world_run_20260219_102344.log
2026-02-19 10:23:44,203 - agvfm.utils.logging - INFO - ======================================================================
2026-02-19 10:23:44,203 - agvfm.utils.logging - INFO - Starting experiment: Phase 2: yolo_world
2026-02-19 10:23:44,203 - agvfm.utils.logging - INFO - ======================================================================
2026-02-19 10:23:44,203 - agvfm.utils.logging - INFO - Configuration:
2026-02-19 10:23:44,203 - agvfm.utils.logging - INFO -   model: yolo_world
2026-02-19 10:23:44,203 - agvfm.utils.logging - INFO -   test_set_size: 158
2026-02-19 10:23:44,203 - agvfm.utils.logging - INFO -   full_test_set: True
2026-02-19 10:23:44,203 - agvfm.utils.logging - INFO - ======================================================================
Loaded 158 images from /data2/jmearles/AgVFM2/_data/T4_REAL_FLOWER_SOBJ.v18-train_2023_test_location_genotype/test/images

================================================================================
Running Combination Tests: yolo_world
================================================================================

Total configs: 21
Already completed: 13
Remaining: 8

[1/21] Skipping C3 (already completed)
[2/21] Skipping C_color_taxonomy (already completed)
[3/21] Skipping C_color_anatomy (already completed)
[4/21] Skipping C_color_grammar (already completed)
[5/21] Skipping C_taxonomy_anatomy (already completed)
[6/21] Skipping C_taxonomy_grammar (already completed)
[7/21] Skipping C_anatomy_grammar (already completed)
[8/21] Skipping C_color_taxonomy_anatomy (already completed)
[9/21] Skipping C_color_taxonomy_grammar (already completed)
[10/21] Skipping C_color_anatomy_grammar (already completed)
[11/21] Skipping C_taxonomy_anatomy_grammar (already completed)
[12/21] Skipping C2 (already completed)
[13/21] Skipping C1 (already completed)

[14/21] Testing: C2_tiny
  Prompt: a single tiny yellow cowpea flower with open petals
  Description: C2 + size component (tiny)

Evaluating prompt: a single tiny yellow cowpea flower with open petals
  Using batch size: 15
  Processing batch 10 (150/158)...
  Processing batch 11 (158/158)...
  ✓ mAP@0.5: 0.3053, F1: 0.4499
  💾 Saved to /data2/jmearles/AgVFM2/experiments/results/phase2_combinations/yolo_world_combinations.json
  Progress: 14/21 configurations complete

[15/21] Testing: C1_tiny
  Prompt: a single tiny yellow cowpea flower with open petals, not a bud, not the green calyx, not a leaf
  Description: C1 + size component (tiny)

Evaluating prompt: a single tiny yellow cowpea flower with open petals, not a bud, not the green calyx, not a leaf
  Using batch size: 15
  Processing batch 10 (150/158)...
  Processing batch 11 (158/158)...
  ✓ mAP@0.5: 0.3481, F1: 0.3863
  💾 Saved to /data2/jmearles/AgVFM2/experiments/results/phase2_combinations/yolo_world_combinations.json
  Progress: 15/21 configurations complete

[16/21] Testing: C_color_taxonomy_grammar_tiny
  Prompt: a single tiny yellow cowpea flower
  Description: C_color_taxonomy_grammar + size component (tiny)

Evaluating prompt: a single tiny yellow cowpea flower
  Using batch size: 15
  Processing batch 10 (150/158)...
  Processing batch 11 (158/158)...
  ✓ mAP@0.5: 0.2553, F1: 0.4043
  💾 Saved to /data2/jmearles/AgVFM2/experiments/results/phase2_combinations/yolo_world_combinations.json
  Progress: 16/21 configurations complete

[17/21] Testing: C2_not_bud
  Prompt: a single yellow cowpea flower with open petals, not a bud
  Description: C2 + single negation clause (not a bud)

Evaluating prompt: a single yellow cowpea flower with open petals, not a bud
  Using batch size: 15
  Processing batch 10 (150/158)...
  Processing batch 11 (158/158)...
  ✓ mAP@0.5: 0.3665, F1: 0.4449
  💾 Saved to /data2/jmearles/AgVFM2/experiments/results/phase2_combinations/yolo_world_combinations.json
  Progress: 17/21 configurations complete

[18/21] Testing: C2_not_calyx
  Prompt: a single yellow cowpea flower with open petals, not the green calyx
  Description: C2 + single negation clause (not the green calyx)

Evaluating prompt: a single yellow cowpea flower with open petals, not the green calyx
  Using batch size: 15
  Processing batch 10 (150/158)...
  Processing batch 11 (158/158)...
  ✓ mAP@0.5: 0.3807, F1: 0.4029
  💾 Saved to /data2/jmearles/AgVFM2/experiments/results/phase2_combinations/yolo_world_combinations.json
  Progress: 18/21 configurations complete

[19/21] Testing: C2_not_leaf
  Prompt: a single yellow cowpea flower with open petals, not a leaf
  Description: C2 + single negation clause (not a leaf)

Evaluating prompt: a single yellow cowpea flower with open petals, not a leaf
  Using batch size: 15
  Processing batch 10 (150/158)...
  Processing batch 11 (158/158)...
  ✓ mAP@0.5: 0.3378, F1: 0.4534
  💾 Saved to /data2/jmearles/AgVFM2/experiments/results/phase2_combinations/yolo_world_combinations.json
  Progress: 19/21 configurations complete

[20/21] Testing: C2_not_bud_calyx
  Prompt: a single yellow cowpea flower with open petals, not a bud, not the green calyx
  Description: C2 + two negation clauses (not a bud, not the green calyx)

Evaluating prompt: a single yellow cowpea flower with open petals, not a bud, not the green calyx
  Using batch size: 15
  Processing batch 10 (150/158)...
  Processing batch 11 (158/158)...
  ✓ mAP@0.5: 0.4123, F1: 0.3645
  💾 Saved to /data2/jmearles/AgVFM2/experiments/results/phase2_combinations/yolo_world_combinations.json
  Progress: 20/21 configurations complete

[21/21] Testing: C_color_taxonomy_anatomy_tiny
  Prompt: a tiny yellow cowpea flower with open petals
  Description: C_color_taxonomy_anatomy + tiny (SAM3 optimization)

Evaluating prompt: a tiny yellow cowpea flower with open petals
  Using batch size: 15
  Processing batch 10 (150/158)...
  Processing batch 11 (158/158)...
  ✓ mAP@0.5: 0.2888, F1: 0.4232
  💾 Saved to /data2/jmearles/AgVFM2/experiments/results/phase2_combinations/yolo_world_combinations.json
  Progress: 21/21 configurations complete

================================================================================
Combination Tests Complete: yolo_world
================================================================================

================================================================================
Running Absorber Architecture Tests: yolo_world
================================================================================

Total configs: 7
Already completed: 4
Remaining: 3

[1/7] Skipping H3b (already completed)
[2/7] Skipping H2a (already completed)
[3/7] Skipping H3c (already completed)
[4/7] Skipping H5 (already completed)

[5/7] Testing: H3b_simple
  Target prompt: a yellow cowpea flower
  Absorber classes: ['a yellow cowpea flower', 'a cowpea flower bud', 'a green calyx']
  Target indices: [0]
  Description: H3b absorbers with simpler base (no grammar, no anatomy)

Evaluating prompt: a yellow cowpea flower
  Absorber classes: ['a yellow cowpea flower', 'a cowpea flower bud', 'a green calyx']
  Target indices: [0]
  Using batch size: 15
  Processing 20/158...
  Processing 40/158...
  Processing 60/158...
  Processing 80/158...
  Processing 100/158...
  Processing 120/158...
  Processing 140/158...
  ✓ mAP@0.5: 0.0909, F1: 0.0294
  💾 Saved to /data2/jmearles/AgVFM2/experiments/results/phase2_combinations/yolo_world_absorbers.json
  Progress: 5/7 configurations complete

[6/7] Testing: H3b_no_anatomy
  Target prompt: a single yellow cowpea flower
  Absorber classes: ['a single yellow cowpea flower', 'a cowpea flower bud', 'a green calyx']
  Target indices: [0]
  Description: H3b absorbers without anatomy component

Evaluating prompt: a single yellow cowpea flower
  Absorber classes: ['a single yellow cowpea flower', 'a cowpea flower bud', 'a green calyx']
  Target indices: [0]
  Using batch size: 15
  Processing 20/158...
  Processing 40/158...
  Processing 60/158...
  Processing 80/158...
  Processing 100/158...
  Processing 120/158...
  Processing 140/158...
  ✓ mAP@0.5: 0.0909, F1: 0.0386
  💾 Saved to /data2/jmearles/AgVFM2/experiments/results/phase2_combinations/yolo_world_absorbers.json
  Progress: 6/7 configurations complete

[7/7] Testing: H3b_no_grammar
  Target prompt: a yellow cowpea flower with open petals
  Absorber classes: ['a yellow cowpea flower with open petals', 'a cowpea flower bud', 'a green calyx']
  Target indices: [0]
  Description: H3b absorbers without grammar component

Evaluating prompt: a yellow cowpea flower with open petals
  Absorber classes: ['a yellow cowpea flower with open petals', 'a cowpea flower bud', 'a green calyx']
  Target indices: [0]
  Using batch size: 15
  Processing 20/158...
  Processing 40/158...
  Processing 60/158...
  Processing 80/158...
  Processing 100/158...
  Processing 120/158...
  Processing 140/158...
  ✓ mAP@0.5: 0.0909, F1: 0.1529
  💾 Saved to /data2/jmearles/AgVFM2/experiments/results/phase2_combinations/yolo_world_absorbers.json
  Progress: 7/7 configurations complete

================================================================================
Absorber Tests Complete: yolo_world
================================================================================
2026-02-19 10:31:10,039 - agvfm.utils.logging - INFO - ======================================================================
2026-02-19 10:31:10,039 - agvfm.utils.logging - INFO - Experiment complete: Phase 2: yolo_world
2026-02-19 10:31:10,039 - agvfm.utils.logging - INFO - Results saved to: /data2/jmearles/AgVFM2/experiments/results/phase2_combinations/yolo_world_combinations.json
2026-02-19 10:31:10,039 - agvfm.utils.logging - INFO - ======================================================================

================================================================================
Phase 2 Experiments Complete!
Results saved to: /data2/jmearles/AgVFM2/experiments/results/phase2_combinations
================================================================================
