2026-02-19 09:16:28,152 - agvfm.utils.logging - INFO - Logging to /data2/jmearles/AgVFM2/experiments/results/phase2_combinations/logs/yolo-world_run_20260219_091628.log
2026-02-19 09:16:28,155 - agvfm.utils.logging - INFO - ======================================================================
2026-02-19 09:16:28,156 - agvfm.utils.logging - INFO - Starting experiment: Phase 2: yolo_world
2026-02-19 09:16:28,156 - agvfm.utils.logging - INFO - ======================================================================
2026-02-19 09:16:28,156 - agvfm.utils.logging - INFO - Configuration:
2026-02-19 09:16:28,156 - agvfm.utils.logging - INFO -   model: yolo_world
2026-02-19 09:16:28,156 - agvfm.utils.logging - INFO -   test_set_size: 158
2026-02-19 09:16:28,156 - agvfm.utils.logging - INFO -   full_test_set: True
2026-02-19 09:16:28,156 - agvfm.utils.logging - INFO - ======================================================================
Loaded 158 images from /data2/jmearles/AgVFM2/_data/T4_REAL_FLOWER_SOBJ.v18-train_2023_test_location_genotype/test/images

================================================================================
Running Combination Tests: yolo_world
================================================================================
⚠️  Warning: Results file is corrupted (Expecting value: line 20 column 23 (char 551))
  Backing up corrupted file to: /data2/jmearles/AgVFM2/experiments/results/phase2_combinations/yolo_world_combinations.json.backup
  Starting with fresh results file

Total configs: 13
Already completed: 0
Remaining: 13


[1/13] Testing: C3
  Prompt: a cowpea flower
  Description: Species baseline - taxonomy only

Evaluating prompt: a cowpea flower
  Using batch size: 15
  Processing batch 10 (150/158)...
  Processing batch 11 (158/158)...
  ✓ mAP@0.5: 0.1588, F1: 0.3028
  💾 Saved to /data2/jmearles/AgVFM2/experiments/results/phase2_combinations/yolo_world_combinations.json
  Progress: 1/13 configurations complete

[2/13] Testing: C_color_taxonomy
  Prompt: a yellow cowpea flower
  Description: Color + Taxonomy

Evaluating prompt: a yellow cowpea flower
  Using batch size: 15
  Processing batch 10 (150/158)...
  Processing batch 11 (158/158)...
  ✓ mAP@0.5: 0.2589, F1: 0.4045
  💾 Saved to /data2/jmearles/AgVFM2/experiments/results/phase2_combinations/yolo_world_combinations.json
  Progress: 2/13 configurations complete

[3/13] Testing: C_color_anatomy
  Prompt: a yellow flower with open petals
  Description: Color + Anatomy

Evaluating prompt: a yellow flower with open petals
  Using batch size: 15
  Processing batch 10 (150/158)...
  Processing batch 11 (158/158)...
  ✓ mAP@0.5: 0.0312, F1: 0.1238
  💾 Saved to /data2/jmearles/AgVFM2/experiments/results/phase2_combinations/yolo_world_combinations.json
  Progress: 3/13 configurations complete

[4/13] Testing: C_color_grammar
  Prompt: a single yellow flower
  Description: Color + Grammar

Evaluating prompt: a single yellow flower
  Using batch size: 15
  Processing batch 10 (150/158)...
  Processing batch 11 (158/158)...
  ✓ mAP@0.5: 0.0909, F1: 0.0978
  💾 Saved to /data2/jmearles/AgVFM2/experiments/results/phase2_combinations/yolo_world_combinations.json
  Progress: 4/13 configurations complete

[5/13] Testing: C_taxonomy_anatomy
  Prompt: a cowpea flower with open petals
  Description: Taxonomy + Anatomy

Evaluating prompt: a cowpea flower with open petals
  Using batch size: 15
  Processing batch 10 (150/158)...
  Processing batch 11 (158/158)...
  ✓ mAP@0.5: 0.2099, F1: 0.3777
  💾 Saved to /data2/jmearles/AgVFM2/experiments/results/phase2_combinations/yolo_world_combinations.json
  Progress: 5/13 configurations complete

[6/13] Testing: C_taxonomy_grammar
  Prompt: a single cowpea flower
  Description: Taxonomy + Grammar

Evaluating prompt: a single cowpea flower
  Using batch size: 15
  Processing batch 10 (150/158)...
  Processing batch 11 (158/158)...
  ✓ mAP@0.5: 0.2078, F1: 0.3411
  💾 Saved to /data2/jmearles/AgVFM2/experiments/results/phase2_combinations/yolo_world_combinations.json
  Progress: 6/13 configurations complete

[7/13] Testing: C_anatomy_grammar
  Prompt: a single flower with open petals
  Description: Anatomy + Grammar

Evaluating prompt: a single flower with open petals
  Using batch size: 15
  Processing batch 10 (150/158)...
  Processing batch 11 (158/158)...
  ✓ mAP@0.5: 0.0909, F1: 0.0851
  💾 Saved to /data2/jmearles/AgVFM2/experiments/results/phase2_combinations/yolo_world_combinations.json
  Progress: 7/13 configurations complete

[8/13] Testing: C_color_taxonomy_anatomy
  Prompt: a yellow cowpea flower with open petals
  Description: Color + Taxonomy + Anatomy

Evaluating prompt: a yellow cowpea flower with open petals
  Using batch size: 15
  Processing batch 10 (150/158)...
  Processing batch 11 (158/158)...
  ✓ mAP@0.5: 0.3108, F1: 0.4426
  💾 Saved to /data2/jmearles/AgVFM2/experiments/results/phase2_combinations/yolo_world_combinations.json
  Progress: 8/13 configurations complete

[9/13] Testing: C_color_taxonomy_grammar
  Prompt: a single yellow cowpea flower
  Description: Color + Taxonomy + Grammar

Evaluating prompt: a single yellow cowpea flower
  Using batch size: 15
  Processing batch 10 (150/158)...
  Processing batch 11 (158/158)...
  ✓ mAP@0.5: 0.3122, F1: 0.4334
  💾 Saved to /data2/jmearles/AgVFM2/experiments/results/phase2_combinations/yolo_world_combinations.json
  Progress: 9/13 configurations complete

[10/13] Testing: C_color_anatomy_grammar
  Prompt: a single yellow flower with open petals
  Description: Color + Anatomy + Grammar

Evaluating prompt: a single yellow flower with open petals
  Using batch size: 15
  Processing batch 10 (150/158)...
  Processing batch 11 (158/158)...
  ✓ mAP@0.5: 0.0723, F1: 0.2037
  💾 Saved to /data2/jmearles/AgVFM2/experiments/results/phase2_combinations/yolo_world_combinations.json
  Progress: 10/13 configurations complete

[11/13] Testing: C_taxonomy_anatomy_grammar
  Prompt: a single cowpea flower with open petals
  Description: Taxonomy + Anatomy + Grammar

Evaluating prompt: a single cowpea flower with open petals
  Using batch size: 15
  Processing batch 10 (150/158)...
  Processing batch 11 (158/158)...
  ✓ mAP@0.5: 0.2682, F1: 0.4317
  💾 Saved to /data2/jmearles/AgVFM2/experiments/results/phase2_combinations/yolo_world_combinations.json
  Progress: 11/13 configurations complete

[12/13] Testing: C2
  Prompt: a single yellow cowpea flower with open petals
  Description: Four components - best without negation

Evaluating prompt: a single yellow cowpea flower with open petals
  Using batch size: 15
  Processing batch 10 (150/158)...
  Processing batch 11 (158/158)...
  ✓ mAP@0.5: 0.3327, F1: 0.4584
  💾 Saved to /data2/jmearles/AgVFM2/experiments/results/phase2_combinations/yolo_world_combinations.json
  Progress: 12/13 configurations complete

[13/13] Testing: C1
  Prompt: a single yellow cowpea flower with open petals, not a bud, not the green calyx, not a leaf
  Description: Kitchen sink - all components with text negation

Evaluating prompt: a single yellow cowpea flower with open petals, not a bud, not the green calyx, not a leaf
  Using batch size: 15
  Processing batch 10 (150/158)...
  Processing batch 11 (158/158)...
  ✓ mAP@0.5: 0.3830, F1: 0.3699
  💾 Saved to /data2/jmearles/AgVFM2/experiments/results/phase2_combinations/yolo_world_combinations.json
  Progress: 13/13 configurations complete

================================================================================
Combination Tests Complete: yolo_world
================================================================================

================================================================================
Running Absorber Architecture Tests: yolo_world
================================================================================

Total configs: 4
Already completed: 0
Remaining: 4


[1/4] Testing: H3b
  Target prompt: a single yellow cowpea flower with open petals
  Absorber classes: ['a single yellow cowpea flower with open petals', 'a cowpea flower bud', 'a green calyx']
  Target indices: [0]
  Description: Bud + calyx absorbers

Evaluating prompt: a single yellow cowpea flower with open petals
  Absorber classes: ['a single yellow cowpea flower with open petals', 'a cowpea flower bud', 'a green calyx']
  Target indices: [0]
  Using batch size: 15
  ✗ Error: Expected all tensors to be on the same device, but got index is on cpu, different from other tensors on cuda:0 (when checking argument in method wrapper_CUDA__index_select)
Traceback (most recent call last):
  File "/data2/jmearles/AgVFM2/experiments/scripts/experiments/phase2/run_combinations.py", line 259, in run_absorbers
    result = evaluator.evaluate_prompt(
        prompt=config.prompt,
    ...<2 lines>...
        iou_thresholds=[0.3, 0.5],
    )
  File "/data2/jmearles/AgVFM2/agvfm/experiments/evaluator.py", line 127, in evaluate_prompt
    pred_boxes, pred_confs = self.model.predict_multi_class(
                             ~~~~~~~~~~~~~~~~~~~~~~~~~~~~~~^
        img_path,
        ^^^^^^^^^
    ...<2 lines>...
        conf_threshold=self.conf_threshold,
        ^^^^^^^^^^^^^^^^^^^^^^^^^^^^^^^^^^^
    )
    ^
  File "/data2/jmearles/AgVFM2/agvfm/models/yolo_world.py", line 139, in predict_multi_class
    self.set_classes(class_names)
    ~~~~~~~~~~~~~~~~^^^^^^^^^^^^^
  File "/data2/jmearles/AgVFM2/agvfm/models/yolo_world.py", line 47, in set_classes
    self.model.set_classes(class_names)
    ~~~~~~~~~~~~~~~~~~~~~~^^^^^^^^^^^^^
  File "/data/apps/conda/jmearles/envs/agvfm/lib/python3.14/site-packages/ultralytics/models/yolo/model.py", line 180, in set_classes
    self.model.set_classes(classes)
    ~~~~~~~~~~~~~~~~~~~~~~^^^^^^^^^
  File "/data/apps/conda/jmearles/envs/agvfm/lib/python3.14/site-packages/ultralytics/nn/tasks.py", line 893, in set_classes
    self.txt_feats = self.get_text_pe(text, batch=batch, cache_clip_model=cache_clip_model)
                     ~~~~~~~~~~~~~~~~^^^^^^^^^^^^^^^^^^^^^^^^^^^^^^^^^^^^^^^^^^^^^^^^^^^^^^
  File "/data/apps/conda/jmearles/envs/agvfm/lib/python3.14/site-packages/ultralytics/nn/tasks.py", line 915, in get_text_pe
    txt_feats = [model.encode_text(token).detach() for token in text_token.split(batch)]
                 ~~~~~~~~~~~~~~~~~^^^^^^^
  File "/data/apps/conda/jmearles/envs/agvfm/lib/python3.14/site-packages/torch/utils/_contextlib.py", line 124, in decorate_context
    return func(*args, **kwargs)
  File "/data/apps/conda/jmearles/envs/agvfm/lib/python3.14/site-packages/ultralytics/nn/text_model.py", line 128, in encode_text
    txt_feats = self.model.encode_text(texts).to(dtype)
                ~~~~~~~~~~~~~~~~~~~~~~^^^^^^^
  File "/data/apps/conda/jmearles/envs/agvfm/lib/python3.14/site-packages/clip/model.py", line 418, in encode_text
    x = self.token_embedding(text).type(self.dtype)  # [batch_size, n_ctx, d_model]
        ~~~~~~~~~~~~~~~~~~~~^^^^^^
  File "/data/apps/conda/jmearles/envs/agvfm/lib/python3.14/site-packages/torch/nn/modules/module.py", line 1776, in _wrapped_call_impl
    return self._call_impl(*args, **kwargs)
           ~~~~~~~~~~~~~~~^^^^^^^^^^^^^^^^^
  File "/data/apps/conda/jmearles/envs/agvfm/lib/python3.14/site-packages/torch/nn/modules/module.py", line 1787, in _call_impl
    return forward_call(*args, **kwargs)
  File "/data/apps/conda/jmearles/envs/agvfm/lib/python3.14/site-packages/torch/nn/modules/sparse.py", line 191, in forward
    return F.embedding(
           ~~~~~~~~~~~^
        input,
        ^^^^^^
    ...<5 lines>...
        self.sparse,
        ^^^^^^^^^^^^
    )
    ^
  File "/data/apps/conda/jmearles/envs/agvfm/lib/python3.14/site-packages/torch/nn/functional.py", line 2567, in embedding
    return torch.embedding(weight, input, padding_idx, scale_grad_by_freq, sparse)
           ~~~~~~~~~~~~~~~^^^^^^^^^^^^^^^^^^^^^^^^^^^^^^^^^^^^^^^^^^^^^^^^^^^^^^^^
RuntimeError: Expected all tensors to be on the same device, but got index is on cpu, different from other tensors on cuda:0 (when checking argument in method wrapper_CUDA__index_select)

[2/4] Testing: H2a
  Target prompt: a single yellow cowpea flower with open petals
  Absorber classes: ['a single yellow cowpea flower with open petals', 'a leaf', 'a stem']
  Target indices: [0]
  Description: Leaf + stem absorbers

Evaluating prompt: a single yellow cowpea flower with open petals
  Absorber classes: ['a single yellow cowpea flower with open petals', 'a leaf', 'a stem']
  Target indices: [0]
  Using batch size: 15
  ✗ Error: Expected all tensors to be on the same device, but got index is on cpu, different from other tensors on cuda:0 (when checking argument in method wrapper_CUDA__index_select)
Traceback (most recent call last):
  File "/data2/jmearles/AgVFM2/experiments/scripts/experiments/phase2/run_combinations.py", line 259, in run_absorbers
    result = evaluator.evaluate_prompt(
        prompt=config.prompt,
    ...<2 lines>...
        iou_thresholds=[0.3, 0.5],
    )
  File "/data2/jmearles/AgVFM2/agvfm/experiments/evaluator.py", line 127, in evaluate_prompt
    pred_boxes, pred_confs = self.model.predict_multi_class(
                             ~~~~~~~~~~~~~~~~~~~~~~~~~~~~~~^
        img_path,
        ^^^^^^^^^
    ...<2 lines>...
        conf_threshold=self.conf_threshold,
        ^^^^^^^^^^^^^^^^^^^^^^^^^^^^^^^^^^^
    )
    ^
  File "/data2/jmearles/AgVFM2/agvfm/models/yolo_world.py", line 139, in predict_multi_class
    self.set_classes(class_names)
    ~~~~~~~~~~~~~~~~^^^^^^^^^^^^^
  File "/data2/jmearles/AgVFM2/agvfm/models/yolo_world.py", line 47, in set_classes
    self.model.set_classes(class_names)
    ~~~~~~~~~~~~~~~~~~~~~~^^^^^^^^^^^^^
  File "/data/apps/conda/jmearles/envs/agvfm/lib/python3.14/site-packages/ultralytics/models/yolo/model.py", line 180, in set_classes
    self.model.set_classes(classes)
    ~~~~~~~~~~~~~~~~~~~~~~^^^^^^^^^
  File "/data/apps/conda/jmearles/envs/agvfm/lib/python3.14/site-packages/ultralytics/nn/tasks.py", line 893, in set_classes
    self.txt_feats = self.get_text_pe(text, batch=batch, cache_clip_model=cache_clip_model)
                     ~~~~~~~~~~~~~~~~^^^^^^^^^^^^^^^^^^^^^^^^^^^^^^^^^^^^^^^^^^^^^^^^^^^^^^
  File "/data/apps/conda/jmearles/envs/agvfm/lib/python3.14/site-packages/ultralytics/nn/tasks.py", line 915, in get_text_pe
    txt_feats = [model.encode_text(token).detach() for token in text_token.split(batch)]
                 ~~~~~~~~~~~~~~~~~^^^^^^^
  File "/data/apps/conda/jmearles/envs/agvfm/lib/python3.14/site-packages/torch/utils/_contextlib.py", line 124, in decorate_context
    return func(*args, **kwargs)
  File "/data/apps/conda/jmearles/envs/agvfm/lib/python3.14/site-packages/ultralytics/nn/text_model.py", line 128, in encode_text
    txt_feats = self.model.encode_text(texts).to(dtype)
                ~~~~~~~~~~~~~~~~~~~~~~^^^^^^^
  File "/data/apps/conda/jmearles/envs/agvfm/lib/python3.14/site-packages/clip/model.py", line 418, in encode_text
    x = self.token_embedding(text).type(self.dtype)  # [batch_size, n_ctx, d_model]
        ~~~~~~~~~~~~~~~~~~~~^^^^^^
  File "/data/apps/conda/jmearles/envs/agvfm/lib/python3.14/site-packages/torch/nn/modules/module.py", line 1776, in _wrapped_call_impl
    return self._call_impl(*args, **kwargs)
           ~~~~~~~~~~~~~~~^^^^^^^^^^^^^^^^^
  File "/data/apps/conda/jmearles/envs/agvfm/lib/python3.14/site-packages/torch/nn/modules/module.py", line 1787, in _call_impl
    return forward_call(*args, **kwargs)
  File "/data/apps/conda/jmearles/envs/agvfm/lib/python3.14/site-packages/torch/nn/modules/sparse.py", line 191, in forward
    return F.embedding(
           ~~~~~~~~~~~^
        input,
        ^^^^^^
    ...<5 lines>...
        self.sparse,
        ^^^^^^^^^^^^
    )
    ^
  File "/data/apps/conda/jmearles/envs/agvfm/lib/python3.14/site-packages/torch/nn/functional.py", line 2567, in embedding
    return torch.embedding(weight, input, padding_idx, scale_grad_by_freq, sparse)
           ~~~~~~~~~~~~~~~^^^^^^^^^^^^^^^^^^^^^^^^^^^^^^^^^^^^^^^^^^^^^^^^^^^^^^^^
RuntimeError: Expected all tensors to be on the same device, but got index is on cpu, different from other tensors on cuda:0 (when checking argument in method wrapper_CUDA__index_select)

[3/4] Testing: H3c
  Target prompt: a single yellow cowpea flower with open petals
  Absorber classes: ['a single yellow cowpea flower with open petals', 'a cowpea flower bud', 'a green calyx', 'a leaf']
  Target indices: [0]
  Description: Bud + calyx + leaf absorbers

Evaluating prompt: a single yellow cowpea flower with open petals
  Absorber classes: ['a single yellow cowpea flower with open petals', 'a cowpea flower bud', 'a green calyx', 'a leaf']
  Target indices: [0]
  Using batch size: 15
  ✗ Error: Expected all tensors to be on the same device, but got index is on cpu, different from other tensors on cuda:0 (when checking argument in method wrapper_CUDA__index_select)
Traceback (most recent call last):
  File "/data2/jmearles/AgVFM2/experiments/scripts/experiments/phase2/run_combinations.py", line 259, in run_absorbers
    result = evaluator.evaluate_prompt(
        prompt=config.prompt,
    ...<2 lines>...
        iou_thresholds=[0.3, 0.5],
    )
  File "/data2/jmearles/AgVFM2/agvfm/experiments/evaluator.py", line 127, in evaluate_prompt
    pred_boxes, pred_confs = self.model.predict_multi_class(
                             ~~~~~~~~~~~~~~~~~~~~~~~~~~~~~~^
        img_path,
        ^^^^^^^^^
    ...<2 lines>...
        conf_threshold=self.conf_threshold,
        ^^^^^^^^^^^^^^^^^^^^^^^^^^^^^^^^^^^
    )
    ^
  File "/data2/jmearles/AgVFM2/agvfm/models/yolo_world.py", line 139, in predict_multi_class
    self.set_classes(class_names)
    ~~~~~~~~~~~~~~~~^^^^^^^^^^^^^
  File "/data2/jmearles/AgVFM2/agvfm/models/yolo_world.py", line 47, in set_classes
    self.model.set_classes(class_names)
    ~~~~~~~~~~~~~~~~~~~~~~^^^^^^^^^^^^^
  File "/data/apps/conda/jmearles/envs/agvfm/lib/python3.14/site-packages/ultralytics/models/yolo/model.py", line 180, in set_classes
    self.model.set_classes(classes)
    ~~~~~~~~~~~~~~~~~~~~~~^^^^^^^^^
  File "/data/apps/conda/jmearles/envs/agvfm/lib/python3.14/site-packages/ultralytics/nn/tasks.py", line 893, in set_classes
    self.txt_feats = self.get_text_pe(text, batch=batch, cache_clip_model=cache_clip_model)
                     ~~~~~~~~~~~~~~~~^^^^^^^^^^^^^^^^^^^^^^^^^^^^^^^^^^^^^^^^^^^^^^^^^^^^^^
  File "/data/apps/conda/jmearles/envs/agvfm/lib/python3.14/site-packages/ultralytics/nn/tasks.py", line 915, in get_text_pe
    txt_feats = [model.encode_text(token).detach() for token in text_token.split(batch)]
                 ~~~~~~~~~~~~~~~~~^^^^^^^
  File "/data/apps/conda/jmearles/envs/agvfm/lib/python3.14/site-packages/torch/utils/_contextlib.py", line 124, in decorate_context
    return func(*args, **kwargs)
  File "/data/apps/conda/jmearles/envs/agvfm/lib/python3.14/site-packages/ultralytics/nn/text_model.py", line 128, in encode_text
    txt_feats = self.model.encode_text(texts).to(dtype)
                ~~~~~~~~~~~~~~~~~~~~~~^^^^^^^
  File "/data/apps/conda/jmearles/envs/agvfm/lib/python3.14/site-packages/clip/model.py", line 418, in encode_text
    x = self.token_embedding(text).type(self.dtype)  # [batch_size, n_ctx, d_model]
        ~~~~~~~~~~~~~~~~~~~~^^^^^^
  File "/data/apps/conda/jmearles/envs/agvfm/lib/python3.14/site-packages/torch/nn/modules/module.py", line 1776, in _wrapped_call_impl
    return self._call_impl(*args, **kwargs)
           ~~~~~~~~~~~~~~~^^^^^^^^^^^^^^^^^
  File "/data/apps/conda/jmearles/envs/agvfm/lib/python3.14/site-packages/torch/nn/modules/module.py", line 1787, in _call_impl
    return forward_call(*args, **kwargs)
  File "/data/apps/conda/jmearles/envs/agvfm/lib/python3.14/site-packages/torch/nn/modules/sparse.py", line 191, in forward
    return F.embedding(
           ~~~~~~~~~~~^
        input,
        ^^^^^^
    ...<5 lines>...
        self.sparse,
        ^^^^^^^^^^^^
    )
    ^
  File "/data/apps/conda/jmearles/envs/agvfm/lib/python3.14/site-packages/torch/nn/functional.py", line 2567, in embedding
    return torch.embedding(weight, input, padding_idx, scale_grad_by_freq, sparse)
           ~~~~~~~~~~~~~~~^^^^^^^^^^^^^^^^^^^^^^^^^^^^^^^^^^^^^^^^^^^^^^^^^^^^^^^^
RuntimeError: Expected all tensors to be on the same device, but got index is on cpu, different from other tensors on cuda:0 (when checking argument in method wrapper_CUDA__index_select)

[4/4] Testing: H5
  Target prompt: a single yellow cowpea flower with open petals
  Absorber classes: ['a single yellow cowpea flower with open petals', 'a cowpea flower bud', 'a green calyx', 'a leaf', 'a stem', 'soil']
  Target indices: [0]
  Description: All absorbers (bud, calyx, leaf, stem, soil)

Evaluating prompt: a single yellow cowpea flower with open petals
  Absorber classes: ['a single yellow cowpea flower with open petals', 'a cowpea flower bud', 'a green calyx', 'a leaf', 'a stem', 'soil']
  Target indices: [0]
  Using batch size: 15
  ✗ Error: Expected all tensors to be on the same device, but got index is on cpu, different from other tensors on cuda:0 (when checking argument in method wrapper_CUDA__index_select)
Traceback (most recent call last):
  File "/data2/jmearles/AgVFM2/experiments/scripts/experiments/phase2/run_combinations.py", line 259, in run_absorbers
    result = evaluator.evaluate_prompt(
        prompt=config.prompt,
    ...<2 lines>...
        iou_thresholds=[0.3, 0.5],
    )
  File "/data2/jmearles/AgVFM2/agvfm/experiments/evaluator.py", line 127, in evaluate_prompt
    pred_boxes, pred_confs = self.model.predict_multi_class(
                             ~~~~~~~~~~~~~~~~~~~~~~~~~~~~~~^
        img_path,
        ^^^^^^^^^
    ...<2 lines>...
        conf_threshold=self.conf_threshold,
        ^^^^^^^^^^^^^^^^^^^^^^^^^^^^^^^^^^^
    )
    ^
  File "/data2/jmearles/AgVFM2/agvfm/models/yolo_world.py", line 139, in predict_multi_class
    self.set_classes(class_names)
    ~~~~~~~~~~~~~~~~^^^^^^^^^^^^^
  File "/data2/jmearles/AgVFM2/agvfm/models/yolo_world.py", line 47, in set_classes
    self.model.set_classes(class_names)
    ~~~~~~~~~~~~~~~~~~~~~~^^^^^^^^^^^^^
  File "/data/apps/conda/jmearles/envs/agvfm/lib/python3.14/site-packages/ultralytics/models/yolo/model.py", line 180, in set_classes
    self.model.set_classes(classes)
    ~~~~~~~~~~~~~~~~~~~~~~^^^^^^^^^
  File "/data/apps/conda/jmearles/envs/agvfm/lib/python3.14/site-packages/ultralytics/nn/tasks.py", line 893, in set_classes
    self.txt_feats = self.get_text_pe(text, batch=batch, cache_clip_model=cache_clip_model)
                     ~~~~~~~~~~~~~~~~^^^^^^^^^^^^^^^^^^^^^^^^^^^^^^^^^^^^^^^^^^^^^^^^^^^^^^
  File "/data/apps/conda/jmearles/envs/agvfm/lib/python3.14/site-packages/ultralytics/nn/tasks.py", line 915, in get_text_pe
    txt_feats = [model.encode_text(token).detach() for token in text_token.split(batch)]
                 ~~~~~~~~~~~~~~~~~^^^^^^^
  File "/data/apps/conda/jmearles/envs/agvfm/lib/python3.14/site-packages/torch/utils/_contextlib.py", line 124, in decorate_context
    return func(*args, **kwargs)
  File "/data/apps/conda/jmearles/envs/agvfm/lib/python3.14/site-packages/ultralytics/nn/text_model.py", line 128, in encode_text
    txt_feats = self.model.encode_text(texts).to(dtype)
                ~~~~~~~~~~~~~~~~~~~~~~^^^^^^^
  File "/data/apps/conda/jmearles/envs/agvfm/lib/python3.14/site-packages/clip/model.py", line 418, in encode_text
    x = self.token_embedding(text).type(self.dtype)  # [batch_size, n_ctx, d_model]
        ~~~~~~~~~~~~~~~~~~~~^^^^^^
  File "/data/apps/conda/jmearles/envs/agvfm/lib/python3.14/site-packages/torch/nn/modules/module.py", line 1776, in _wrapped_call_impl
    return self._call_impl(*args, **kwargs)
           ~~~~~~~~~~~~~~~^^^^^^^^^^^^^^^^^
  File "/data/apps/conda/jmearles/envs/agvfm/lib/python3.14/site-packages/torch/nn/modules/module.py", line 1787, in _call_impl
    return forward_call(*args, **kwargs)
  File "/data/apps/conda/jmearles/envs/agvfm/lib/python3.14/site-packages/torch/nn/modules/sparse.py", line 191, in forward
    return F.embedding(
           ~~~~~~~~~~~^
        input,
        ^^^^^^
    ...<5 lines>...
        self.sparse,
        ^^^^^^^^^^^^
    )
    ^
  File "/data/apps/conda/jmearles/envs/agvfm/lib/python3.14/site-packages/torch/nn/functional.py", line 2567, in embedding
    return torch.embedding(weight, input, padding_idx, scale_grad_by_freq, sparse)
           ~~~~~~~~~~~~~~~^^^^^^^^^^^^^^^^^^^^^^^^^^^^^^^^^^^^^^^^^^^^^^^^^^^^^^^^
RuntimeError: Expected all tensors to be on the same device, but got index is on cpu, different from other tensors on cuda:0 (when checking argument in method wrapper_CUDA__index_select)

================================================================================
Absorber Tests Complete: yolo_world
================================================================================
2026-02-19 09:21:50,855 - agvfm.utils.logging - INFO - ======================================================================
2026-02-19 09:21:50,855 - agvfm.utils.logging - INFO - Experiment complete: Phase 2: yolo_world
2026-02-19 09:21:50,855 - agvfm.utils.logging - INFO - Results saved to: /data2/jmearles/AgVFM2/experiments/results/phase2_combinations/yolo_world_combinations.json
2026-02-19 09:21:50,855 - agvfm.utils.logging - INFO - ======================================================================

================================================================================
Phase 2 Experiments Complete!
Results saved to: /data2/jmearles/AgVFM2/experiments/results/phase2_combinations
================================================================================
